2026-02-22T03:41:58.626525500255-03:41:58 **** Build of configuration Debug for project rc_control ****
000-make all 
000-make --no-print-directory pre-build
000-a9-linaro-pre-build-step
000-' '
000-make --no-print-directory main-build
000-'Building file: ../src/rc_control.c'
000-'Invoking: ARM v7 gcc compiler'
000-arm-none-eabi-gcc -Wall -O0 -g3 -c -fmessage-length=0 -MT"src/rc_control.o" -mcpu=cortex-a9 -mfpu=vfpv3 -mfloat-abi=hard -IC:/Users/ianrun75/Downloads/MP1new/vitis/mp1block_wrapper/export/mp1block_wrapper/sw/mp1block_wrapper/domain_ps7_cortexa9_0/bspinclude/include -MMD -MP -MF"src/rc_control.d" -MT"src/rc_control.o" -o "src/rc_control.o" "../src/rc_control.c"
000-../src/rc_control.c: In function 'main':
000/rc_control/src/rc_control.c19-1-1implicit declaration of function 'printf' [-Wimplicit-function-declaration]1-../src/rc_control.c:19:4: warning: implicit declaration of function 'printf' [-Wimplicit-function-declaration]
000-   19 |    printf("\033[2J");
000-      |    ^~~~~~
000/rc_control/src/rc_control.c19-1-1incompatible implicit declaration of built-in function 'printf'1-../src/rc_control.c:19:4: warning: incompatible implicit declaration of built-in function 'printf'
000/rc_control/src/rc_control.c4-1-1include '<stdio.h>' or provide a declaration of 'printf'0-../src/rc_control.c:4:1: note: include '<stdio.h>' or provide a declaration of 'printf'
000-    3 | #include <xparameters.h>
000-  +++ |+#include <stdio.h>
000-    4 | 
000/rc_control/src/rc_control.c22-1-1format '%d' expects argument of type 'int', but argument 2 has type 'u32' {aka 'long unsigned int'} [-Wformat=]1-../src/rc_control.c:22:13: warning: format '%d' expects argument of type 'int', but argument 2 has type 'u32' {aka 'long unsigned int'} [-Wformat=]
000-   22 |    printf("%d this is REG 0 \n",Xil_In32(XPAR_AXI_PPM_0_S00_AXI_BASEADDR + 0x0));
000-      |            ~^                   ~~~~~~~~~~~~~~~~~~~~~~~~~~~~~~~~~~~~~~~~~~~~~~~
000-      |             |                   |
000-      |             int                 u32 {aka long unsigned int}
000-      |            %ld
000/rc_control/src/rc_control.c23-1-1format '%d' expects argument of type 'int', but argument 2 has type 'u32' {aka 'long unsigned int'} [-Wformat=]1-../src/rc_control.c:23:13: warning: format '%d' expects argument of type 'int', but argument 2 has type 'u32' {aka 'long unsigned int'} [-Wformat=]
000-   23 |    printf("%d this is REG 1 \n",Xil_In32(XPAR_AXI_PPM_0_S00_AXI_BASEADDR + 0x4));
000-      |            ~^                   ~~~~~~~~~~~~~~~~~~~~~~~~~~~~~~~~~~~~~~~~~~~~~~~
000-      |             |                   |
000-      |             int                 u32 {aka long unsigned int}
000-      |            %ld
000/rc_control/src/rc_control.c24-1-1format '%d' expects argument of type 'int', but argument 2 has type 'u32' {aka 'long unsigned int'} [-Wformat=]1-../src/rc_control.c:24:13: warning: format '%d' expects argument of type 'int', but argument 2 has type 'u32' {aka 'long unsigned int'} [-Wformat=]
000-   24 |    printf("%d this is REG 2 \n",Xil_In32(XPAR_AXI_PPM_0_S00_AXI_BASEADDR + 0x8));
000-      |            ~^                   ~~~~~~~~~~~~~~~~~~~~~~~~~~~~~~~~~~~~~~~~~~~~~~~
000-      |             |                   |
000-      |             int                 u32 {aka long unsigned int}
000-      |            %ld
000/rc_control/src/rc_control.c25-1-1format '%d' expects argument of type 'int', but argument 2 has type 'u32' {aka 'long unsigned int'} [-Wformat=]1-../src/rc_control.c:25:13: warning: format '%d' expects argument of type 'int', but argument 2 has type 'u32' {aka 'long unsigned int'} [-Wformat=]
000-   25 |    printf("%d this is REG 3 \n",Xil_In32(XPAR_AXI_PPM_0_S00_AXI_BASEADDR + 0xC));
000-      |            ~^                   ~~~~~~~~~~~~~~~~~~~~~~~~~~~~~~~~~~~~~~~~~~~~~~~
000-      |             |                   |
000-      |             int                 u32 {aka long unsigned int}
000-      |            %ld
000/rc_control/src/rc_control.c26-1-1format '%d' expects argument of type 'int', but argument 2 has type 'u32' {aka 'long unsigned int'} [-Wformat=]1-../src/rc_control.c:26:13: warning: format '%d' expects argument of type 'int', but argument 2 has type 'u32' {aka 'long unsigned int'} [-Wformat=]
000-   26 |    printf("%d this is REG 4 \n",Xil_In32(XPAR_AXI_PPM_0_S00_AXI_BASEADDR + 0x10));
000-      |            ~^                   ~~~~~~~~~~~~~~~~~~~~~~~~~~~~~~~~~~~~~~~~~~~~~~~~
000-      |             |                   |
000-      |             int                 u32 {aka long unsigned int}
000-      |            %ld
000/rc_control/src/rc_control.c27-1-1format '%d' expects argument of type 'int', but argument 2 has type 'u32' {aka 'long unsigned int'} [-Wformat=]1-../src/rc_control.c:27:13: warning: format '%d' expects argument of type 'int', but argument 2 has type 'u32' {aka 'long unsigned int'} [-Wformat=]
000-   27 |    printf("%d this is REG 5 \n",Xil_In32(XPAR_AXI_PPM_0_S00_AXI_BASEADDR + 0x14));
000-      |            ~^                   ~~~~~~~~~~~~~~~~~~~~~~~~~~~~~~~~~~~~~~~~~~~~~~~~
000-      |             |                   |
000-      |             int                 u32 {aka long unsigned int}
000-      |            %ld
000/rc_control/src/rc_control.c28-1-1format '%d' expects argument of type 'int', but argument 2 has type 'u32' {aka 'long unsigned int'} [-Wformat=]1-../src/rc_control.c:28:13: warning: format '%d' expects argument of type 'int', but argument 2 has type 'u32' {aka 'long unsigned int'} [-Wformat=]
000-   28 |    printf("%d this is REG 6 \n",Xil_In32(XPAR_AXI_PPM_0_S00_AXI_BASEADDR + 0x18));
000-      |            ~^                   ~~~~~~~~~~~~~~~~~~~~~~~~~~~~~~~~~~~~~~~~~~~~~~~~
000-      |             |                   |
000-      |             int                 u32 {aka long unsigned int}
000-      |            %ld
000/rc_control/src/rc_control.c29-1-1format '%d' expects argument of type 'int', but argument 2 has type 'u32' {aka 'long unsigned int'} [-Wformat=]1-../src/rc_control.c:29:13: warning: format '%d' expects argument of type 'int', but argument 2 has type 'u32' {aka 'long unsigned int'} [-Wformat=]
000-   29 |    printf("%d this is REG 7 \n",Xil_In32(XPAR_AXI_PPM_0_S00_AXI_BASEADDR + 0x1C));
000-      |            ~^                   ~~~~~~~~~~~~~~~~~~~~~~~~~~~~~~~~~~~~~~~~~~~~~~~~
000-      |             |                   |
000-      |             int                 u32 {aka long unsigned int}
000-      |            %ld
000/rc_control/src/rc_control.c30-1-1format '%d' expects argument of type 'int', but argument 2 has type 'u32' {aka 'long unsigned int'} [-Wformat=]1-../src/rc_control.c:30:13: warning: format '%d' expects argument of type 'int', but argument 2 has type 'u32' {aka 'long unsigned int'} [-Wformat=]
000-   30 |    printf("%d this is REG 8 \n",Xil_In32(XPAR_AXI_PPM_0_S00_AXI_BASEADDR + 0x20));
000-      |            ~^                   ~~~~~~~~~~~~~~~~~~~~~~~~~~~~~~~~~~~~~~~~~~~~~~~~
000-      |             |                   |
000-      |             int                 u32 {aka long unsigned int}
000-      |            %ld
000/rc_control/src/rc_control.c31-1-1format '%d' expects argument of type 'int', but argument 2 has type 'u32' {aka 'long unsigned int'} [-Wformat=]1-../src/rc_control.c:31:13: warning: format '%d' expects argument of type 'int', but argument 2 has type 'u32' {aka 'long unsigned int'} [-Wformat=]
000-   31 |    printf("%d this is REG 9 \n",Xil_In32(XPAR_AXI_PPM_0_S00_AXI_BASEADDR + 0x24));
000-      |            ~^                   ~~~~~~~~~~~~~~~~~~~~~~~~~~~~~~~~~~~~~~~~~~~~~~~~
000-      |             |                   |
000-      |             int                 u32 {aka long unsigned int}
000-      |            %ld
000/rc_control/src/rc_control.c32-1-1format '%d' expects argument of type 'int', but argument 2 has type 'u32' {aka 'long unsigned int'} [-Wformat=]1-../src/rc_control.c:32:13: warning: format '%d' expects argument of type 'int', but argument 2 has type 'u32' {aka 'long unsigned int'} [-Wformat=]
000-   32 |    printf("%d this is REG 10 \n",Xil_In32(XPAR_AXI_PPM_0_S00_AXI_BASEADDR + 0x28));
000-      |            ~^                    ~~~~~~~~~~~~~~~~~~~~~~~~~~~~~~~~~~~~~~~~~~~~~~~~
000-      |             |                    |
000-      |             int                  u32 {aka long unsigned int}
000-      |            %ld
000/rc_control/src/rc_control.c33-1-1format '%d' expects argument of type 'int', but argument 2 has type 'u32' {aka 'long unsigned int'} [-Wformat=]1-../src/rc_control.c:33:13: warning: format '%d' expects argument of type 'int', but argument 2 has type 'u32' {aka 'long unsigned int'} [-Wformat=]
000-   33 |    printf("%d this is REG 11 \n",Xil_In32(XPAR_AXI_PPM_0_S00_AXI_BASEADDR + 0x2C));
000-      |            ~^                    ~~~~~~~~~~~~~~~~~~~~~~~~~~~~~~~~~~~~~~~~~~~~~~~~
000-      |             |                    |
000-      |             int                  u32 {aka long unsigned int}
000-      |            %ld
000/rc_control/src/rc_control.c34-1-1format '%d' expects argument of type 'int', but argument 2 has type 'u32' {aka 'long unsigned int'} [-Wformat=]1-../src/rc_control.c:34:13: warning: format '%d' expects argument of type 'int', but argument 2 has type 'u32' {aka 'long unsigned int'} [-Wformat=]
000-   34 |    printf("%d this is REG 12 \n",Xil_In32(XPAR_AXI_PPM_0_S00_AXI_BASEADDR + 0x30));
000-      |            ~^                    ~~~~~~~~~~~~~~~~~~~~~~~~~~~~~~~~~~~~~~~~~~~~~~~~
000-      |             |                    |
000-      |             int                  u32 {aka long unsigned int}
000-      |            %ld
000/rc_control/src/rc_control.c35-1-1format '%d' expects argument of type 'int', but argument 2 has type 'u32' {aka 'long unsigned int'} [-Wformat=]1-../src/rc_control.c:35:13: warning: format '%d' expects argument of type 'int', but argument 2 has type 'u32' {aka 'long unsigned int'} [-Wformat=]
000-   35 |    printf("%d this is REG 13 \n",Xil_In32(XPAR_AXI_PPM_0_S00_AXI_BASEADDR + 0x34));
000-      |            ~^                    ~~~~~~~~~~~~~~~~~~~~~~~~~~~~~~~~~~~~~~~~~~~~~~~~
000-      |             |                    |
000-      |             int                  u32 {aka long unsigned int}
000-      |            %ld
000/rc_control/src/rc_control.c36-1-1format '%d' expects argument of type 'int', but argument 2 has type 'u32' {aka 'long unsigned int'} [-Wformat=]1-../src/rc_control.c:36:13: warning: format '%d' expects argument of type 'int', but argument 2 has type 'u32' {aka 'long unsigned int'} [-Wformat=]
000-   36 |    printf("%d this is REG 14 \n",Xil_In32(XPAR_AXI_PPM_0_S00_AXI_BASEADDR + 0x38));
000-      |            ~^                    ~~~~~~~~~~~~~~~~~~~~~~~~~~~~~~~~~~~~~~~~~~~~~~~~
000-      |             |                    |
000-      |             int                  u32 {aka long unsigned int}
000-      |            %ld
000/rc_control/src/rc_control.c37-1-1format '%d' expects argument of type 'int', but argument 2 has type 'u32' {aka 'long unsigned int'} [-Wformat=]1-../src/rc_control.c:37:13: warning: format '%d' expects argument of type 'int', but argument 2 has type 'u32' {aka 'long unsigned int'} [-Wformat=]
000-   37 |    printf("%d this is REG 15 \n",Xil_In32(XPAR_AXI_PPM_0_S00_AXI_BASEADDR + 0x3C));
000-      |            ~^                    ~~~~~~~~~~~~~~~~~~~~~~~~~~~~~~~~~~~~~~~~~~~~~~~~
000-      |             |                    |
000-      |             int                  u32 {aka long unsigned int}
000-      |            %ld
000/rc_control/src/rc_control.c38-1-1format '%d' expects argument of type 'int', but argument 2 has type 'u32' {aka 'long unsigned int'} [-Wformat=]1-../src/rc_control.c:38:13: warning: format '%d' expects argument of type 'int', but argument 2 has type 'u32' {aka 'long unsigned int'} [-Wformat=]
000-   38 |    printf("%d this is REG 16 \n",Xil_In32(XPAR_AXI_PPM_0_S00_AXI_BASEADDR + 0x40));
000-      |            ~^                    ~~~~~~~~~~~~~~~~~~~~~~~~~~~~~~~~~~~~~~~~~~~~~~~~
000-      |             |                    |
000-      |             int                  u32 {aka long unsigned int}
000-      |            %ld
000/rc_control/src/rc_control.c11-1-1variable 'ja1' set but not used [-Wunused-but-set-variable]1-../src/rc_control.c:11:6: warning: variable 'ja1' set but not used [-Wunused-but-set-variable]
000-   11 |  int ja1 = 0; //input ppm waveform from the trainer port
000-      |      ^~~
000-'Finished building: ../src/rc_control.c'
000-' '
000-'Building target: rc_control.elf'
000-'Invoking: ARM v7 gcc linker'
000-arm-none-eabi-gcc -mcpu=cortex-a9 -mfpu=vfpv3 -mfloat-abi=hard -Wl,-build-id=none -specs=Xilinx.spec -Wl,-T -Wl,../src/lscript.ld -LC:/Users/ianrun75/Downloads/MP1new/vitis/mp1block_wrapper/export/mp1block_wrapper/sw/mp1block_wrapper/domain_ps7_cortexa9_0/bsplib/lib -o "rc_control.elf"  ./src/rc_control.o   -Wl,--start-group,-lxil,-lgcc,-lc,--end-group
000-'Finished building target: rc_control.elf'
000-' '
000-'Invoking: ARM v7 Print Size'
000-arm-none-eabi-size rc_control.elf  |tee "rc_control.elf.size"
000-   text	   data	    bss	    dec	    hex	filename
000-  42128	   2548	  22640	  67316	  106f4	rc_control.elf
000-'Finished building: rc_control.elf.size'
000-' '
00255-
03:41:59 Build Finished (took 637ms)

