03:41:34 **** Build of project mp1block_wrapper ****
buildplatform.bat 50008 mp1block_wrapper  
XSDB Server Channel: tcfchan#77
Building the zynq_fsbl application.
make -C zynq_fsbl_bsp

make[1]: Entering directory 'C:/Users/ianrun75/Downloads/MP1new/vitis/mp1block_wrapper/zynq_fsbl/zynq_fsbl_bsp'

"Running Make include in ps7_cortexa9_0/libsrc/coresightps_dcc_v1_7/src"

make -C ps7_cortexa9_0/libsrc/coresightps_dcc_v1_7/src -s include  "SHELL=CMD" "COMPILER=arm-none-eabi-gcc" "ASSEMBLER=arm-none
-eabi-as" "ARCHIVER=arm-none-eabi-ar" "COMPILER_FLAGS=  -O2 -c" "EXTRA_COMPILER_FLAGS=-mcpu=cortex-a9 -mfpu=vfpv3 -mfloat-abi=h
ard -nostartfiles -g -Wall -Wextra"

make[2]: Entering directory 'C:/Users/ianrun75/Downloads/MP1new/vitis/mp1block_wrapper/zynq_fsbl/zynq_fsbl_bsp/ps7_cortexa9_0/l
ibsrc/coresightps_dcc_v1_7/src'

make[2]: Leaving directory 'C:/Users/ianrun75/Downloads/MP1new/vitis/mp1block_wrapper/zynq_fsbl/zynq_fsbl_bsp/ps7_cortexa9_0/li
bsrc/coresightps_dcc_v1_7/src'

"Running Make include in ps7_cortexa9_0/libsrc/cpu_cortexa9_v2_9/src"

make -C ps7_cortexa9_0/libsrc/cpu_cortexa9_v2_9/src -s include  "SHELL=CMD" "COMPILER=arm-none-eabi-gcc" "ASSEMBLER=arm-none-ea
bi-as" "ARCHIVER=arm-none-eabi-ar" "COMPILER_FLAGS=  -O2 -c" "EXTRA_COMPILER_FLAGS=-mcpu=cortex-a9 -mfpu=vfpv3 -mfloat-abi=hard
 -nostartfiles -g -Wall -Wextra"

make[2]: Entering directory 'C:/Users/ianrun75/Downloads/MP1new/vitis/mp1block_wrapper/zynq_fsbl/zynq_fsbl_bsp/ps7_cortexa9_0/l
ibsrc/cpu_cortexa9_v2_9/src'

make[2]: Leaving directory 'C:/Users/ianrun75/Downloads/MP1new/vitis/mp1block_wrapper/zynq_fsbl/zynq_fsbl_bsp/ps7_cortexa9_0/li
bsrc/cpu_cortexa9_v2_9/src'

"Running Make include in ps7_cortexa9_0/libsrc/ddrps_v1_1/src"

make -C ps7_cortexa9_0/libsrc/ddrps_v1_1/src -s include  "SHELL=CMD" "COMPILER=arm-none-eabi-gcc" "ASSEMBLER=arm-none-eabi-as" 
"ARCHIVER=arm-none-eabi-ar" "COMPILER_FLAGS=  -O2 -c" "EXTRA_COMPILER_FLAGS=-mcpu=cortex-a9 -mfpu=vfpv3 -mfloat-abi=hard -nosta
rtfiles -g -Wall -Wextra"

make[2]: Entering directory 'C:/Users/ianrun75/Downloads/MP1new/vitis/mp1block_wrapper/zynq_fsbl/zynq_fsbl_bsp/ps7_cortexa9_0/l
ibsrc/ddrps_v1_1/src'

make[2]: Leaving directory 'C:/Users/ianrun75/Downloads/MP1new/vitis/mp1block_wrapper/zynq_fsbl/zynq_fsbl_bsp/ps7_cortexa9_0/li
bsrc/ddrps_v1_1/src'

"Running Make include in ps7_cortexa9_0/libsrc/devcfg_v3_6/src"

make -C ps7_cortexa9_0/libsrc/devcfg_v3_6/src -s include  "SHELL=CMD" "COMPILER=arm-none-eabi-gcc" "ASSEMBLER=arm-none-eabi-as"
 "ARCHIVER=arm-none-eabi-ar" "COMPILER_FLAGS=  -O2 -c" "EXTRA_COMPILER_FLAGS=-mcpu=cortex-a9 -mfpu=vfpv3 -mfloat-abi=hard -nost
artfiles -g -Wall -Wextra"

make[2]: Entering directory 'C:/Users/ianrun75/Downloads/MP1new/vitis/mp1block_wrapper/zynq_fsbl/zynq_fsbl_bsp/ps7_cortexa9_0/l
ibsrc/devcfg_v3_6/src'

make[2]: Leaving directory 'C:/Users/ianrun75/Downloads/MP1new/vitis/mp1block_wrapper/zynq_fsbl/zynq_fsbl_bsp/ps7_cortexa9_0/li
bsrc/devcfg_v3_6/src'

"Running Make include in ps7_cortexa9_0/libsrc/dmaps_v2_6/src"

make -C ps7_cortexa9_0/libsrc/dmaps_v2_6/src -s include  "SHELL=CMD" "COMPILER=arm-none-eabi-gcc" "ASSEMBLER=arm-none-eabi-as" 
"ARCHIVER=arm-none-eabi-ar" "COMPILER_FLAGS=  -O2 -c" "EXTRA_COMPILER_FLAGS=-mcpu=cortex-a9 -mfpu=vfpv3 -mfloat-abi=hard -nosta
rtfiles -g -Wall -Wextra"

make[2]: Entering directory 'C:/Users/ianrun75/Downloads/MP1new/vitis/mp1block_wrapper/zynq_fsbl/zynq_fsbl_bsp/ps7_cortexa9_0/l
ibsrc/dmaps_v2_6/src'

make[2]: Leaving directory 'C:/Users/ianrun75/Downloads/MP1new/vitis/mp1block_wrapper/zynq_fsbl/zynq_fsbl_bsp/ps7_cortexa9_0/li
bsrc/dmaps_v2_6/src'

"Running Make include in ps7_cortexa9_0/libsrc/emacps_v3_11/src"

make -C ps7_cortexa9_0/libsrc/emacps_v3_11/src -s include  "SHELL=CMD" "COMPILER=arm-none-eabi-gcc" "ASSEMBLER=arm-none-eabi-as
" "ARCHIVER=arm-none-eabi-ar" "COMPILER_FLAGS=  -O2 -c" "EXTRA_COMPILER_FLAGS=-mcpu=cortex-a9 -mfpu=vfpv3 -mfloat-abi=hard -nos
tartfiles -g -Wall -Wextra"

make[2]: Entering directory 'C:/Users/ianrun75/Downloads/MP1new/vitis/mp1block_wrapper/zynq_fsbl/zynq_fsbl_bsp/ps7_cortexa9_0/l
ibsrc/emacps_v3_11/src'

make[2]: Leaving directory 'C:/Users/ianrun75/Downloads/MP1new/vitis/mp1block_wrapper/zynq_fsbl/zynq_fsbl_bsp/ps7_cortexa9_0/li
bsrc/emacps_v3_11/src'

"Running Make include in ps7_cortexa9_0/libsrc/gpiops_v3_7/src"

make -C ps7_cortexa9_0/libsrc/gpiops_v3_7/src -s include  "SHELL=CMD" "COMPILER=arm-none-eabi-gcc" "ASSEMBLER=arm-none-eabi-as"
 "ARCHIVER=arm-none-eabi-ar" "COMPILER_FLAGS=  -O2 -c" "EXTRA_COMPILER_FLAGS=-mcpu=cortex-a9 -mfpu=vfpv3 -mfloat-abi=hard -nost
artfiles -g -Wall -Wextra"

make[2]: Entering directory 'C:/Users/ianrun75/Downloads/MP1new/vitis/mp1block_wrapper/zynq_fsbl/zynq_fsbl_bsp/ps7_cortexa9_0/l
ibsrc/gpiops_v3_7/src'

make[2]: Leaving directory 'C:/Users/ianrun75/Downloads/MP1new/vitis/mp1block_wrapper/zynq_fsbl/zynq_fsbl_bsp/ps7_cortexa9_0/li
bsrc/gpiops_v3_7/src'

"Running Make include in ps7_cortexa9_0/libsrc/gpio_v4_6/src"

make -C ps7_cortexa9_0/libsrc/gpio_v4_6/src -s include  "SHELL=CMD" "COMPILER=arm-none-eabi-gcc" "ASSEMBLER=arm-none-eabi-as" "
ARCHIVER=arm-none-eabi-ar" "COMPILER_FLAGS=  -O2 -c" "EXTRA_COMPILER_FLAGS=-mcpu=cortex-a9 -mfpu=vfpv3 -mfloat-abi=hard -nostar
tfiles -g -Wall -Wextra"

make[2]: Entering directory 'C:/Users/ianrun75/Downloads/MP1new/vitis/mp1block_wrapper/zynq_fsbl/zynq_fsbl_bsp/ps7_cortexa9_0/l
ibsrc/gpio_v4_6/src'

make[2]: Leaving directory 'C:/Users/ianrun75/Downloads/MP1new/vitis/mp1block_wrapper/zynq_fsbl/zynq_fsbl_bsp/ps7_cortexa9_0/li
bsrc/gpio_v4_6/src'

"Running Make include in ps7_cortexa9_0/libsrc/qspips_v3_7/src"

make -C ps7_cortexa9_0/libsrc/qspips_v3_7/src -s include  "SHELL=CMD" "COMPILER=arm-none-eabi-gcc" "ASSEMBLER=arm-none-eabi-as"
 "ARCHIVER=arm-none-eabi-ar" "COMPILER_FLAGS=  -O2 -c" "EXTRA_COMPILER_FLAGS=-mcpu=cortex-a9 -mfpu=vfpv3 -mfloat-abi=hard -nost
artfiles -g -Wall -Wextra"

make[2]: Entering directory 'C:/Users/ianrun75/Downloads/MP1new/vitis/mp1block_wrapper/zynq_fsbl/zynq_fsbl_bsp/ps7_cortexa9_0/l
ibsrc/qspips_v3_7/src'

make[2]: Leaving directory 'C:/Users/ianrun75/Downloads/MP1new/vitis/mp1block_wrapper/zynq_fsbl/zynq_fsbl_bsp/ps7_cortexa9_0/li
bsrc/qspips_v3_7/src'

"Running Make include in ps7_cortexa9_0/libsrc/scugic_v4_2/src"

make -C ps7_cortexa9_0/libsrc/scugic_v4_2/src -s include  "SHELL=CMD" "COMPILER=arm-none-eabi-gcc" "ASSEMBLER=arm-none-eabi-as"
 "ARCHIVER=arm-none-eabi-ar" "COMPILER_FLAGS=  -O2 -c" "EXTRA_COMPILER_FLAGS=-mcpu=cortex-a9 -mfpu=vfpv3 -mfloat-abi=hard -nost
artfiles -g -Wall -Wextra"

make[2]: Entering directory 'C:/Users/ianrun75/Downloads/MP1new/vitis/mp1block_wrapper/zynq_fsbl/zynq_fsbl_bsp/ps7_cortexa9_0/l
ibsrc/scugic_v4_2/src'

make[2]: Leaving directory 'C:/Users/ianrun75/Downloads/MP1new/vitis/mp1block_wrapper/zynq_fsbl/zynq_fsbl_bsp/ps7_cortexa9_0/li
bsrc/scugic_v4_2/src'

"Running Make include in ps7_cortexa9_0/libsrc/scutimer_v2_2/src"

make -C ps7_cortexa9_0/libsrc/scutimer_v2_2/src -s include  "SHELL=CMD" "COMPILER=arm-none-eabi-gcc" "ASSEMBLER=arm-none-eabi-a
s" "ARCHIVER=arm-none-eabi-ar" "COMPILER_FLAGS=  -O2 -c" "EXTRA_COMPILER_FLAGS=-mcpu=cortex-a9 -mfpu=vfpv3 -mfloat-abi=hard -no
startfiles -g -Wall -Wextra"

make[2]: Entering directory 'C:/Users/ianrun75/Downloads/MP1new/vitis/mp1block_wrapper/zynq_fsbl/zynq_fsbl_bsp/ps7_cortexa9_0/l
ibsrc/scutimer_v2_2/src'

make[2]: Leaving directory 'C:/Users/ianrun75/Downloads/MP1new/vitis/mp1block_wrapper/zynq_fsbl/zynq_fsbl_bsp/ps7_cortexa9_0/li
bsrc/scutimer_v2_2/src'

"Running Make include in ps7_cortexa9_0/libsrc/scuwdt_v2_2/src"

make -C ps7_cortexa9_0/libsrc/scuwdt_v2_2/src -s include  "SHELL=CMD" "COMPILER=arm-none-eabi-gcc" "ASSEMBLER=arm-none-eabi-as"
 "ARCHIVER=arm-none-eabi-ar" "COMPILER_FLAGS=  -O2 -c" "EXTRA_COMPILER_FLAGS=-mcpu=cortex-a9 -mfpu=vfpv3 -mfloat-abi=hard -nost
artfiles -g -Wall -Wextra"

make[2]: Entering directory 'C:/Users/ianrun75/Downloads/MP1new/vitis/mp1block_wrapper/zynq_fsbl/zynq_fsbl_bsp/ps7_cortexa9_0/l
ibsrc/scuwdt_v2_2/src'

make[2]: Leaving directory 'C:/Users/ianrun75/Downloads/MP1new/vitis/mp1block_wrapper/zynq_fsbl/zynq_fsbl_bsp/ps7_cortexa9_0/li
bsrc/scuwdt_v2_2/src'

"Running Make include in ps7_cortexa9_0/libsrc/sdps_v3_9/src"

make -C ps7_cortexa9_0/libsrc/sdps_v3_9/src -s include  "SHELL=CMD" "COMPILER=arm-none-eabi-gcc" "ASSEMBLER=arm-none-eabi-as" "
ARCHIVER=arm-none-eabi-ar" "COMPILER_FLAGS=  -O2 -c" "EXTRA_COMPILER_FLAGS=-mcpu=cortex-a9 -mfpu=vfpv3 -mfloat-abi=hard -nostar
tfiles -g -Wall -Wextra"

make[2]: Entering directory 'C:/Users/ianrun75/Downloads/MP1new/vitis/mp1block_wrapper/zynq_fsbl/zynq_fsbl_bsp/ps7_cortexa9_0/l
ibsrc/sdps_v3_9/src'

make[2]: Leaving directory 'C:/Users/ianrun75/Downloads/MP1new/vitis/mp1block_wrapper/zynq_fsbl/zynq_fsbl_bsp/ps7_cortexa9_0/li
bsrc/sdps_v3_9/src'

"Running Make include in ps7_cortexa9_0/libsrc/standalone_v7_2/src"

make -C ps7_cortexa9_0/libsrc/standalone_v7_2/src -s include  "SHELL=CMD" "COMPILER=arm-none-eabi-gcc" "ASSEMBLER=arm-none-eabi
-as" "ARCHIVER=arm-none-eabi-ar" "COMPILER_FLAGS=  -O2 -c" "EXTRA_COMPILER_FLAGS=-mcpu=cortex-a9 -mfpu=vfpv3 -mfloat-abi=hard -
nostartfiles -g -Wall -Wextra"

make[2]: Entering directory 'C:/Users/ianrun75/Downloads/MP1new/vitis/mp1block_wrapper/zynq_fsbl/zynq_fsbl_bsp/ps7_cortexa9_0/l
ibsrc/standalone_v7_2/src'

make[3]: Entering directory 'C:/Users/ianrun75/Downloads/MP1new/vitis/mp1block_wrapper/zynq_fsbl/zynq_fsbl_bsp/ps7_cortexa9_0/l
ibsrc/standalone_v7_2/src/profile'

make[3]: Leaving directory 'C:/Users/ianrun75/Downloads/MP1new/vitis/mp1block_wrapper/zynq_fsbl/zynq_fsbl_bsp/ps7_cortexa9_0/li
bsrc/standalone_v7_2/src/profile'

make[2]: Leaving directory 'C:/Users/ianrun75/Downloads/MP1new/vitis/mp1block_wrapper/zynq_fsbl/zynq_fsbl_bsp/ps7_cortexa9_0/li
bsrc/standalone_v7_2/src'

"Running Make include in ps7_cortexa9_0/libsrc/ttcps_v3_11/src"

make -C ps7_cortexa9_0/libsrc/ttcps_v3_11/src -s include  "SHELL=CMD" "COMPILER=arm-none-eabi-gcc" "ASSEMBLER=arm-none-eabi-as"
 "ARCHIVER=arm-none-eabi-ar" "COMPILER_FLAGS=  -O2 -c" "EXTRA_COMPILER_FLAGS=-mcpu=cortex-a9 -mfpu=vfpv3 -mfloat-abi=hard -nost
artfiles -g -Wall -Wextra"

make[2]: Entering directory 'C:/Users/ianrun75/Downloads/MP1new/vitis/mp1block_wrapper/zynq_fsbl/zynq_fsbl_bsp/ps7_cortexa9_0/l
ibsrc/ttcps_v3_11/src'

make[2]: Leaving directory 'C:/Users/ianrun75/Downloads/MP1new/vitis/mp1block_wrapper/zynq_fsbl/zynq_fsbl_bsp/ps7_cortexa9_0/li
bsrc/ttcps_v3_11/src'

"Running Make include in ps7_cortexa9_0/libsrc/uartps_v3_9/src"

make -C ps7_cortexa9_0/libsrc/uartps_v3_9/src -s include  "SHELL=CMD" "COMPILER=arm-none-eabi-gcc" "ASSEMBLER=arm-none-eabi-as"
 "ARCHIVER=arm-none-eabi-ar" "COMPILER_FLAGS=  -O2 -c" "EXTRA_COMPILER_FLAGS=-mcpu=cortex-a9 -mfpu=vfpv3 -mfloat-abi=hard -nost
artfiles -g -Wall -Wextra"

make[2]: Entering directory 'C:/Users/ianrun75/Downloads/MP1new/vitis/mp1block_wrapper/zynq_fsbl/zynq_fsbl_bsp/ps7_cortexa9_0/l
ibsrc/uartps_v3_9/src'

make[2]: Leaving directory 'C:/Users/ianrun75/Downloads/MP1new/vitis/mp1block_wrapper/zynq_fsbl/zynq_fsbl_bsp/ps7_cortexa9_0/li
bsrc/uartps_v3_9/src'

"Running Make include in ps7_cortexa9_0/libsrc/usbps_v2_5/src"

make -C ps7_cortexa9_0/libsrc/usbps_v2_5/src -s include  "SHELL=CMD" "COMPILER=arm-none-eabi-gcc" "ASSEMBLER=arm-none-eabi-as" 
"ARCHIVER=arm-none-eabi-ar" "COMPILER_FLAGS=  -O2 -c" "EXTRA_COMPILER_FLAGS=-mcpu=cortex-a9 -mfpu=vfpv3 -mfloat-abi=hard -nosta
rtfiles -g -Wall -Wextra"

make[2]: Entering directory 'C:/Users/ianrun75/Downloads/MP1new/vitis/mp1block_wrapper/zynq_fsbl/zynq_fsbl_bsp/ps7_cortexa9_0/l
ibsrc/usbps_v2_5/src'

make[2]: Leaving directory 'C:/Users/ianrun75/Downloads/MP1new/vitis/mp1block_wrapper/zynq_fsbl/zynq_fsbl_bsp/ps7_cortexa9_0/li
bsrc/usbps_v2_5/src'

"Running Make include in ps7_cortexa9_0/libsrc/xadcps_v2_4/src"

make -C ps7_cortexa9_0/libsrc/xadcps_v2_4/src -s include  "SHELL=CMD" "COMPILER=arm-none-eabi-gcc" "ASSEMBLER=arm-none-eabi-as"
 "ARCHIVER=arm-none-eabi-ar" "COMPILER_FLAGS=  -O2 -c" "EXTRA_COMPILER_FLAGS=-mcpu=cortex-a9 -mfpu=vfpv3 -mfloat-abi=hard -nost
artfiles -g -Wall -Wextra"

make[2]: Entering directory 'C:/Users/ianrun75/Downloads/MP1new/vitis/mp1block_wrapper/zynq_fsbl/zynq_fsbl_bsp/ps7_cortexa9_0/l
ibsrc/xadcps_v2_4/src'

make[2]: Leaving directory 'C:/Users/ianrun75/Downloads/MP1new/vitis/mp1block_wrapper/zynq_fsbl/zynq_fsbl_bsp/ps7_cortexa9_0/li
bsrc/xadcps_v2_4/src'

"Running Make include in ps7_cortexa9_0/libsrc/xilffs_v4_3/src"

make -C ps7_cortexa9_0/libsrc/xilffs_v4_3/src -s include  "SHELL=CMD" "COMPILER=arm-none-eabi-gcc" "ASSEMBLER=arm-none-eabi-as"
 "ARCHIVER=arm-none-eabi-ar" "COMPILER_FLAGS=  -O2 -c" "EXTRA_COMPILER_FLAGS=-mcpu=cortex-a9 -mfpu=vfpv3 -mfloat-abi=hard -nost
artfiles -g -Wall -Wextra"

make[2]: Entering directory 'C:/Users/ianrun75/Downloads/MP1new/vitis/mp1block_wrapper/zynq_fsbl/zynq_fsbl_bsp/ps7_cortexa9_0/l
ibsrc/xilffs_v4_3/src'

make[2]: Leaving directory 'C:/Users/ianrun75/Downloads/MP1new/vitis/mp1block_wrapper/zynq_fsbl/zynq_fsbl_bsp/ps7_cortexa9_0/li
bsrc/xilffs_v4_3/src'

"Running Make include in ps7_cortexa9_0/libsrc/xilrsa_v1_6/src"

make -C ps7_cortexa9_0/libsrc/xilrsa_v1_6/src -s include  "SHELL=CMD" "COMPILER=arm-none-eabi-gcc" "ASSEMBLER=arm-none-eabi-as"
 "ARCHIVER=arm-none-eabi-ar" "COMPILER_FLAGS=  -O2 -c" "EXTRA_COMPILER_FLAGS=-mcpu=cortex-a9 -mfpu=vfpv3 -mfloat-abi=hard -nost
artfiles -g -Wall -Wextra"

make[2]: Entering directory 'C:/Users/ianrun75/Downloads/MP1new/vitis/mp1block_wrapper/zynq_fsbl/zynq_fsbl_bsp/ps7_cortexa9_0/l
ibsrc/xilrsa_v1_6/src'

make[2]: Leaving directory 'C:/Users/ianrun75/Downloads/MP1new/vitis/mp1block_wrapper/zynq_fsbl/zynq_fsbl_bsp/ps7_cortexa9_0/li
bsrc/xilrsa_v1_6/src'

"Running Make libs in ps7_cortexa9_0/libsrc/coresightps_dcc_v1_7/src"

make -C ps7_cortexa9_0/libsrc/coresightps_dcc_v1_7/src -s libs  "SHELL=CMD" "COMPILER=arm-none-eabi-gcc" "ASSEMBLER=arm-none-ea
bi-as" "ARCHIVER=arm-none-eabi-ar" "COMPILER_FLAGS=  -O2 -c" "EXTRA_COMPILER_FLAGS=-mcpu=cortex-a9 -mfpu=vfpv3 -mfloat-abi=hard
 -nostartfiles -g -Wall -Wextra"

make[2]: Entering directory 'C:/Users/ianrun75/Downloads/MP1new/vitis/mp1block_wrapper/zynq_fsbl/zynq_fsbl_bsp/ps7_cortexa9_0/l
ibsrc/coresightps_dcc_v1_7/src'

"Compiling coresightps_dcc"

arm-none-eabi-ar: creating ../../../lib/libxil.a
make[2]: Leaving directory 'C:/Users/ianrun75/Downloads/MP1new/vitis/mp1block_wrapper/zynq_fsbl/zynq_fsbl_bsp/ps7_cortexa9_0/li
bsrc/coresightps_dcc_v1_7/src'

"Running Make libs in ps7_cortexa9_0/libsrc/cpu_cortexa9_v2_9/src"

make -C ps7_cortexa9_0/libsrc/cpu_cortexa9_v2_9/src -s libs  "SHELL=CMD" "COMPILER=arm-none-eabi-gcc" "ASSEMBLER=arm-none-eabi-
as" "ARCHIVER=arm-none-eabi-ar" "COMPILER_FLAGS=  -O2 -c" "EXTRA_COMPILER_FLAGS=-mcpu=cortex-a9 -mfpu=vfpv3 -mfloat-abi=hard -n
ostartfiles -g -Wall -Wextra"

make[2]: Entering directory 'C:/Users/ianrun75/Downloads/MP1new/vitis/mp1block_wrapper/zynq_fsbl/zynq_fsbl_bsp/ps7_cortexa9_0/l
ibsrc/cpu_cortexa9_v2_9/src'

"Compiling cpu_cortexa9"

make[2]: Leaving directory 'C:/Users/ianrun75/Downloads/MP1new/vitis/mp1block_wrapper/zynq_fsbl/zynq_fsbl_bsp/ps7_cortexa9_0/li
bsrc/cpu_cortexa9_v2_9/src'

"Running Make libs in ps7_cortexa9_0/libsrc/ddrps_v1_1/src"

make -C ps7_cortexa9_0/libsrc/ddrps_v1_1/src -s libs  "SHELL=CMD" "COMPILER=arm-none-eabi-gcc" "ASSEMBLER=arm-none-eabi-as" "AR
CHIVER=arm-none-eabi-ar" "COMPILER_FLAGS=  -O2 -c" "EXTRA_COMPILER_FLAGS=-mcpu=cortex-a9 -mfpu=vfpv3 -mfloat-abi=hard -nostartf
iles -g -Wall -Wextra"

make[2]: Entering directory 'C:/Users/ianrun75/Downloads/MP1new/vitis/mp1block_wrapper/zynq_fsbl/zynq_fsbl_bsp/ps7_cortexa9_0/l
ibsrc/ddrps_v1_1/src'

"Compiling ddrps"

make[2]: Leaving directory 'C:/Users/ianrun75/Downloads/MP1new/vitis/mp1block_wrapper/zynq_fsbl/zynq_fsbl_bsp/ps7_cortexa9_0/li
bsrc/ddrps_v1_1/src'

"Running Make libs in ps7_cortexa9_0/libsrc/devcfg_v3_6/src"

make -C ps7_cortexa9_0/libsrc/devcfg_v3_6/src -s libs  "SHELL=CMD" "COMPILER=arm-none-eabi-gcc" "ASSEMBLER=arm-none-eabi-as" "A
RCHIVER=arm-none-eabi-ar" "COMPILER_FLAGS=  -O2 -c" "EXTRA_COMPILER_FLAGS=-mcpu=cortex-a9 -mfpu=vfpv3 -mfloat-abi=hard -nostart
files -g -Wall -Wextra"

make[2]: Entering directory 'C:/Users/ianrun75/Downloads/MP1new/vitis/mp1block_wrapper/zynq_fsbl/zynq_fsbl_bsp/ps7_cortexa9_0/l
ibsrc/devcfg_v3_6/src'

"Compiling devcfg"

make[2]: Leaving directory 'C:/Users/ianrun75/Downloads/MP1new/vitis/mp1block_wrapper/zynq_fsbl/zynq_fsbl_bsp/ps7_cortexa9_0/li
bsrc/devcfg_v3_6/src'

"Running Make libs in ps7_cortexa9_0/libsrc/dmaps_v2_6/src"

make -C ps7_cortexa9_0/libsrc/dmaps_v2_6/src -s libs  "SHELL=CMD" "COMPILER=arm-none-eabi-gcc" "ASSEMBLER=arm-none-eabi-as" "AR
CHIVER=arm-none-eabi-ar" "COMPILER_FLAGS=  -O2 -c" "EXTRA_COMPILER_FLAGS=-mcpu=cortex-a9 -mfpu=vfpv3 -mfloat-abi=hard -nostartf
iles -g -Wall -Wextra"

make[2]: Entering directory 'C:/Users/ianrun75/Downloads/MP1new/vitis/mp1block_wrapper/zynq_fsbl/zynq_fsbl_bsp/ps7_cortexa9_0/l
ibsrc/dmaps_v2_6/src'

"Compiling dmaps"

make[2]: Leaving directory 'C:/Users/ianrun75/Downloads/MP1new/vitis/mp1block_wrapper/zynq_fsbl/zynq_fsbl_bsp/ps7_cortexa9_0/li
bsrc/dmaps_v2_6/src'

"Running Make libs in ps7_cortexa9_0/libsrc/emacps_v3_11/src"

make -C ps7_cortexa9_0/libsrc/emacps_v3_11/src -s libs  "SHELL=CMD" "COMPILER=arm-none-eabi-gcc" "ASSEMBLER=arm-none-eabi-as" "
ARCHIVER=arm-none-eabi-ar" "COMPILER_FLAGS=  -O2 -c" "EXTRA_COMPILER_FLAGS=-mcpu=cortex-a9 -mfpu=vfpv3 -mfloat-abi=hard -nostar
tfiles -g -Wall -Wextra"

make[2]: Entering directory 'C:/Users/ianrun75/Downloads/MP1new/vitis/mp1block_wrapper/zynq_fsbl/zynq_fsbl_bsp/ps7_cortexa9_0/l
ibsrc/emacps_v3_11/src'

"Compiling emacps"

make[2]: Leaving directory 'C:/Users/ianrun75/Downloads/MP1new/vitis/mp1block_wrapper/zynq_fsbl/zynq_fsbl_bsp/ps7_cortexa9_0/li
bsrc/emacps_v3_11/src'

"Running Make libs in ps7_cortexa9_0/libsrc/gpiops_v3_7/src"

make -C ps7_cortexa9_0/libsrc/gpiops_v3_7/src -s libs  "SHELL=CMD" "COMPILER=arm-none-eabi-gcc" "ASSEMBLER=arm-none-eabi-as" "A
RCHIVER=arm-none-eabi-ar" "COMPILER_FLAGS=  -O2 -c" "EXTRA_COMPILER_FLAGS=-mcpu=cortex-a9 -mfpu=vfpv3 -mfloat-abi=hard -nostart
files -g -Wall -Wextra"

make[2]: Entering directory 'C:/Users/ianrun75/Downloads/MP1new/vitis/mp1block_wrapper/zynq_fsbl/zynq_fsbl_bsp/ps7_cortexa9_0/l
ibsrc/gpiops_v3_7/src'

"Compiling gpiops"

make[2]: Leaving directory 'C:/Users/ianrun75/Downloads/MP1new/vitis/mp1block_wrapper/zynq_fsbl/zynq_fsbl_bsp/ps7_cortexa9_0/li
bsrc/gpiops_v3_7/src'

"Running Make libs in ps7_cortexa9_0/libsrc/gpio_v4_6/src"

make -C ps7_cortexa9_0/libsrc/gpio_v4_6/src -s libs  "SHELL=CMD" "COMPILER=arm-none-eabi-gcc" "ASSEMBLER=arm-none-eabi-as" "ARC
HIVER=arm-none-eabi-ar" "COMPILER_FLAGS=  -O2 -c" "EXTRA_COMPILER_FLAGS=-mcpu=cortex-a9 -mfpu=vfpv3 -mfloat-abi=hard -nostartfi
les -g -Wall -Wextra"

make[2]: Entering directory 'C:/Users/ianrun75/Downloads/MP1new/vitis/mp1block_wrapper/zynq_fsbl/zynq_fsbl_bsp/ps7_cortexa9_0/l
ibsrc/gpio_v4_6/src'

"Compiling gpio"

make[2]: Leaving directory 'C:/Users/ianrun75/Downloads/MP1new/vitis/mp1block_wrapper/zynq_fsbl/zynq_fsbl_bsp/ps7_cortexa9_0/li
bsrc/gpio_v4_6/src'

"Running Make libs in ps7_cortexa9_0/libsrc/qspips_v3_7/src"

make -C ps7_cortexa9_0/libsrc/qspips_v3_7/src -s libs  "SHELL=CMD" "COMPILER=arm-none-eabi-gcc" "ASSEMBLER=arm-none-eabi-as" "A
RCHIVER=arm-none-eabi-ar" "COMPILER_FLAGS=  -O2 -c" "EXTRA_COMPILER_FLAGS=-mcpu=cortex-a9 -mfpu=vfpv3 -mfloat-abi=hard -nostart
files -g -Wall -Wextra"

make[2]: Entering directory 'C:/Users/ianrun75/Downloads/MP1new/vitis/mp1block_wrapper/zynq_fsbl/zynq_fsbl_bsp/ps7_cortexa9_0/l
ibsrc/qspips_v3_7/src'

"Compiling qspips"

make[2]: Leaving directory 'C:/Users/ianrun75/Downloads/MP1new/vitis/mp1block_wrapper/zynq_fsbl/zynq_fsbl_bsp/ps7_cortexa9_0/li
bsrc/qspips_v3_7/src'

"Running Make libs in ps7_cortexa9_0/libsrc/scugic_v4_2/src"

make -C ps7_cortexa9_0/libsrc/scugic_v4_2/src -s libs  "SHELL=CMD" "COMPILER=arm-none-eabi-gcc" "ASSEMBLER=arm-none-eabi-as" "A
RCHIVER=arm-none-eabi-ar" "COMPILER_FLAGS=  -O2 -c" "EXTRA_COMPILER_FLAGS=-mcpu=cortex-a9 -mfpu=vfpv3 -mfloat-abi=hard -nostart
files -g -Wall -Wextra"

make[2]: Entering directory 'C:/Users/ianrun75/Downloads/MP1new/vitis/mp1block_wrapper/zynq_fsbl/zynq_fsbl_bsp/ps7_cortexa9_0/l
ibsrc/scugic_v4_2/src'

"Compiling scugic"

make[2]: Leaving directory 'C:/Users/ianrun75/Downloads/MP1new/vitis/mp1block_wrapper/zynq_fsbl/zynq_fsbl_bsp/ps7_cortexa9_0/li
bsrc/scugic_v4_2/src'

"Running Make libs in ps7_cortexa9_0/libsrc/scutimer_v2_2/src"

make -C ps7_cortexa9_0/libsrc/scutimer_v2_2/src -s libs  "SHELL=CMD" "COMPILER=arm-none-eabi-gcc" "ASSEMBLER=arm-none-eabi-as" 
"ARCHIVER=arm-none-eabi-ar" "COMPILER_FLAGS=  -O2 -c" "EXTRA_COMPILER_FLAGS=-mcpu=cortex-a9 -mfpu=vfpv3 -mfloat-abi=hard -nosta
rtfiles -g -Wall -Wextra"

make[2]: Entering directory 'C:/Users/ianrun75/Downloads/MP1new/vitis/mp1block_wrapper/zynq_fsbl/zynq_fsbl_bsp/ps7_cortexa9_0/l
ibsrc/scutimer_v2_2/src'

"Compiling scutimer"

make[2]: Leaving directory 'C:/Users/ianrun75/Downloads/MP1new/vitis/mp1block_wrapper/zynq_fsbl/zynq_fsbl_bsp/ps7_cortexa9_0/li
bsrc/scutimer_v2_2/src'

"Running Make libs in ps7_cortexa9_0/libsrc/scuwdt_v2_2/src"

make -C ps7_cortexa9_0/libsrc/scuwdt_v2_2/src -s libs  "SHELL=CMD" "COMPILER=arm-none-eabi-gcc" "ASSEMBLER=arm-none-eabi-as" "A
RCHIVER=arm-none-eabi-ar" "COMPILER_FLAGS=  -O2 -c" "EXTRA_COMPILER_FLAGS=-mcpu=cortex-a9 -mfpu=vfpv3 -mfloat-abi=hard -nostart
files -g -Wall -Wextra"

make[2]: Entering directory 'C:/Users/ianrun75/Downloads/MP1new/vitis/mp1block_wrapper/zynq_fsbl/zynq_fsbl_bsp/ps7_cortexa9_0/l
ibsrc/scuwdt_v2_2/src'

"Compiling scuwdt"

make[2]: Leaving directory 'C:/Users/ianrun75/Downloads/MP1new/vitis/mp1block_wrapper/zynq_fsbl/zynq_fsbl_bsp/ps7_cortexa9_0/li
bsrc/scuwdt_v2_2/src'

"Running Make libs in ps7_cortexa9_0/libsrc/sdps_v3_9/src"

make -C ps7_cortexa9_0/libsrc/sdps_v3_9/src -s libs  "SHELL=CMD" "COMPILER=arm-none-eabi-gcc" "ASSEMBLER=arm-none-eabi-as" "ARC
HIVER=arm-none-eabi-ar" "COMPILER_FLAGS=  -O2 -c" "EXTRA_COMPILER_FLAGS=-mcpu=cortex-a9 -mfpu=vfpv3 -mfloat-abi=hard -nostartfi
les -g -Wall -Wextra"

make[2]: Entering directory 'C:/Users/ianrun75/Downloads/MP1new/vitis/mp1block_wrapper/zynq_fsbl/zynq_fsbl_bsp/ps7_cortexa9_0/l
ibsrc/sdps_v3_9/src'

"Compiling sdps"

make[2]: Leaving directory 'C:/Users/ianrun75/Downloads/MP1new/vitis/mp1block_wrapper/zynq_fsbl/zynq_fsbl_bsp/ps7_cortexa9_0/li
bsrc/sdps_v3_9/src'

"Running Make libs in ps7_cortexa9_0/libsrc/standalone_v7_2/src"

make -C ps7_cortexa9_0/libsrc/standalone_v7_2/src -s libs  "SHELL=CMD" "COMPILER=arm-none-eabi-gcc" "ASSEMBLER=arm-none-eabi-as
" "ARCHIVER=arm-none-eabi-ar" "COMPILER_FLAGS=  -O2 -c" "EXTRA_COMPILER_FLAGS=-mcpu=cortex-a9 -mfpu=vfpv3 -mfloat-abi=hard -nos
tartfiles -g -Wall -Wextra"

make[2]: Entering directory 'C:/Users/ianrun75/Downloads/MP1new/vitis/mp1block_wrapper/zynq_fsbl/zynq_fsbl_bsp/ps7_cortexa9_0/l
ibsrc/standalone_v7_2/src'

"Compiling standalone"

In file included from usleep.c:34:
xtime_l.h:65:9: note: #pragma message: For the sleep routines, Global timer is being used
   65 | #pragma message ("For the sleep routines, Global timer is being used")
      |         ^~~~~~~
In file included from xil_sleeptimer.c:32:
xtime_l.h:65:9: note: #pragma message: For the sleep routines, Global timer is being used
   65 | #pragma message ("For the sleep routines, Global timer is being used")
      |         ^~~~~~~
In file included from xtime_l.c:27:
xtime_l.h:65:9: note: #pragma message: For the sleep routines, Global timer is being used
   65 | #pragma message ("For the sleep routines, Global timer is being used")
      |         ^~~~~~~
In file included from sleep.c:31:
xtime_l.h:65:9: note: #pragma message: For the sleep routines, Global timer is being used
   65 | #pragma message ("For the sleep routines, Global timer is being used")
      |         ^~~~~~~
make[3]: Entering directory 'C:/Users/ianrun75/Downloads/MP1new/vitis/mp1block_wrapper/zynq_fsbl/zynq_fsbl_bsp/ps7_cortexa9_0/l
ibsrc/standalone_v7_2/src/profile'

make[3]: Leaving directory 'C:/Users/ianrun75/Downloads/MP1new/vitis/mp1block_wrapper/zynq_fsbl/zynq_fsbl_bsp/ps7_cortexa9_0/li
bsrc/standalone_v7_2/src/profile'

make[2]: Leaving directory 'C:/Users/ianrun75/Downloads/MP1new/vitis/mp1block_wrapper/zynq_fsbl/zynq_fsbl_bsp/ps7_cortexa9_0/li
bsrc/standalone_v7_2/src'

"Running Make libs in ps7_cortexa9_0/libsrc/ttcps_v3_11/src"

make -C ps7_cortexa9_0/libsrc/ttcps_v3_11/src -s libs  "SHELL=CMD" "COMPILER=arm-none-eabi-gcc" "ASSEMBLER=arm-none-eabi-as" "A
RCHIVER=arm-none-eabi-ar" "COMPILER_FLAGS=  -O2 -c" "EXTRA_COMPILER_FLAGS=-mcpu=cortex-a9 -mfpu=vfpv3 -mfloat-abi=hard -nostart
files -g -Wall -Wextra"

make[2]: Entering directory 'C:/Users/ianrun75/Downloads/MP1new/vitis/mp1block_wrapper/zynq_fsbl/zynq_fsbl_bsp/ps7_cortexa9_0/l
ibsrc/ttcps_v3_11/src'

"Compiling ttcps"

make[2]: Leaving directory 'C:/Users/ianrun75/Downloads/MP1new/vitis/mp1block_wrapper/zynq_fsbl/zynq_fsbl_bsp/ps7_cortexa9_0/li
bsrc/ttcps_v3_11/src'

"Running Make libs in ps7_cortexa9_0/libsrc/uartps_v3_9/src"

make -C ps7_cortexa9_0/libsrc/uartps_v3_9/src -s libs  "SHELL=CMD" "COMPILER=arm-none-eabi-gcc" "ASSEMBLER=arm-none-eabi-as" "A
RCHIVER=arm-none-eabi-ar" "COMPILER_FLAGS=  -O2 -c" "EXTRA_COMPILER_FLAGS=-mcpu=cortex-a9 -mfpu=vfpv3 -mfloat-abi=hard -nostart
files -g -Wall -Wextra"

make[2]: Entering directory 'C:/Users/ianrun75/Downloads/MP1new/vitis/mp1block_wrapper/zynq_fsbl/zynq_fsbl_bsp/ps7_cortexa9_0/l
ibsrc/uartps_v3_9/src'

"Compiling uartps"

make[2]: Leaving directory 'C:/Users/ianrun75/Downloads/MP1new/vitis/mp1block_wrapper/zynq_fsbl/zynq_fsbl_bsp/ps7_cortexa9_0/li
bsrc/uartps_v3_9/src'

"Running Make libs in ps7_cortexa9_0/libsrc/usbps_v2_5/src"

make -C ps7_cortexa9_0/libsrc/usbps_v2_5/src -s libs  "SHELL=CMD" "COMPILER=arm-none-eabi-gcc" "ASSEMBLER=arm-none-eabi-as" "AR
CHIVER=arm-none-eabi-ar" "COMPILER_FLAGS=  -O2 -c" "EXTRA_COMPILER_FLAGS=-mcpu=cortex-a9 -mfpu=vfpv3 -mfloat-abi=hard -nostartf
iles -g -Wall -Wextra"

make[2]: Entering directory 'C:/Users/ianrun75/Downloads/MP1new/vitis/mp1block_wrapper/zynq_fsbl/zynq_fsbl_bsp/ps7_cortexa9_0/l
ibsrc/usbps_v2_5/src'

"Compiling usbps"

make[2]: Leaving directory 'C:/Users/ianrun75/Downloads/MP1new/vitis/mp1block_wrapper/zynq_fsbl/zynq_fsbl_bsp/ps7_cortexa9_0/li
bsrc/usbps_v2_5/src'

"Running Make libs in ps7_cortexa9_0/libsrc/xadcps_v2_4/src"

make -C ps7_cortexa9_0/libsrc/xadcps_v2_4/src -s libs  "SHELL=CMD" "COMPILER=arm-none-eabi-gcc" "ASSEMBLER=arm-none-eabi-as" "A
RCHIVER=arm-none-eabi-ar" "COMPILER_FLAGS=  -O2 -c" "EXTRA_COMPILER_FLAGS=-mcpu=cortex-a9 -mfpu=vfpv3 -mfloat-abi=hard -nostart
files -g -Wall -Wextra"

make[2]: Entering directory 'C:/Users/ianrun75/Downloads/MP1new/vitis/mp1block_wrapper/zynq_fsbl/zynq_fsbl_bsp/ps7_cortexa9_0/l
ibsrc/xadcps_v2_4/src'

"Compiling xadcps"

make[2]: Leaving directory 'C:/Users/ianrun75/Downloads/MP1new/vitis/mp1block_wrapper/zynq_fsbl/zynq_fsbl_bsp/ps7_cortexa9_0/li
bsrc/xadcps_v2_4/src'

"Running Make libs in ps7_cortexa9_0/libsrc/xilffs_v4_3/src"

make -C ps7_cortexa9_0/libsrc/xilffs_v4_3/src -s libs  "SHELL=CMD" "COMPILER=arm-none-eabi-gcc" "ASSEMBLER=arm-none-eabi-as" "A
RCHIVER=arm-none-eabi-ar" "COMPILER_FLAGS=  -O2 -c" "EXTRA_COMPILER_FLAGS=-mcpu=cortex-a9 -mfpu=vfpv3 -mfloat-abi=hard -nostart
files -g -Wall -Wextra"

make[2]: Entering directory 'C:/Users/ianrun75/Downloads/MP1new/vitis/mp1block_wrapper/zynq_fsbl/zynq_fsbl_bsp/ps7_cortexa9_0/l
ibsrc/xilffs_v4_3/src'

"Compiling XilFFs Library"

make[2]: Leaving directory 'C:/Users/ianrun75/Downloads/MP1new/vitis/mp1block_wrapper/zynq_fsbl/zynq_fsbl_bsp/ps7_cortexa9_0/li
bsrc/xilffs_v4_3/src'

"Running Make libs in ps7_cortexa9_0/libsrc/xilrsa_v1_6/src"

make -C ps7_cortexa9_0/libsrc/xilrsa_v1_6/src -s libs  "SHELL=CMD" "COMPILER=arm-none-eabi-gcc" "ASSEMBLER=arm-none-eabi-as" "A
RCHIVER=arm-none-eabi-ar" "COMPILER_FLAGS=  -O2 -c" "EXTRA_COMPILER_FLAGS=-mcpu=cortex-a9 -mfpu=vfpv3 -mfloat-abi=hard -nostart
files -g -Wall -Wextra"

make[2]: Entering directory 'C:/Users/ianrun75/Downloads/MP1new/vitis/mp1block_wrapper/zynq_fsbl/zynq_fsbl_bsp/ps7_cortexa9_0/l
ibsrc/xilrsa_v1_6/src'

make[2]: Leaving directory 'C:/Users/ianrun75/Downloads/MP1new/vitis/mp1block_wrapper/zynq_fsbl/zynq_fsbl_bsp/ps7_cortexa9_0/li
bsrc/xilrsa_v1_6/src'

'Finished building libraries'

make[1]: Leaving directory 'C:/Users/ianrun75/Downloads/MP1new/vitis/mp1block_wrapper/zynq_fsbl/zynq_fsbl_bsp'

arm-none-eabi-gcc -MMD -MP       -mcpu=cortex-a9 -mfpu=vfpv3 -mfloat-abi=hard   -O2 -c -c sd.c -o sd.o -Izynq_fsbl_bsp/ps7_cort
exa9_0/include -I.

arm-none-eabi-gcc -MMD -MP       -mcpu=cortex-a9 -mfpu=vfpv3 -mfloat-abi=hard   -O2 -c -c nand.c -o nand.o -Izynq_fsbl_bsp/ps7_
cortexa9_0/include -I.

arm-none-eabi-gcc -MMD -MP       -mcpu=cortex-a9 -mfpu=vfpv3 -mfloat-abi=hard   -O2 -c -c image_mover.c -o image_mover.o -Izynq
_fsbl_bsp/ps7_cortexa9_0/include -I.

arm-none-eabi-gcc -MMD -MP       -mcpu=cortex-a9 -mfpu=vfpv3 -mfloat-abi=hard   -O2 -c -c md5.c -o md5.o -Izynq_fsbl_bsp/ps7_co
rtexa9_0/include -I.

arm-none-eabi-gcc -MMD -MP       -mcpu=cortex-a9 -mfpu=vfpv3 -mfloat-abi=hard   -O2 -c -c fsbl_hooks.c -o fsbl_hooks.o -Izynq_f
sbl_bsp/ps7_cortexa9_0/include -I.

arm-none-eabi-gcc -MMD -MP       -mcpu=cortex-a9 -mfpu=vfpv3 -mfloat-abi=hard   -O2 -c -c main.c -o main.o -Izynq_fsbl_bsp/ps7_
cortexa9_0/include -I.

In file included from main.c:115:
zynq_fsbl_bsp/ps7_cortexa9_0/include/xtime_l.h:65:9: note: #pragma message: For the sleep routines, Global timer is being used
   65 | #pragma message ("For the sleep routines, Global timer is being used")
      |         ^~~~~~~
arm-none-eabi-gcc -MMD -MP       -mcpu=cortex-a9 -mfpu=vfpv3 -mfloat-abi=hard   -O2 -c -c rsa.c -o rsa.o -Izynq_fsbl_bsp/ps7_co
rtexa9_0/include -I.

arm-none-eabi-gcc -MMD -MP       -mcpu=cortex-a9 -mfpu=vfpv3 -mfloat-abi=hard   -O2 -c -c nor.c -o nor.o -Izynq_fsbl_bsp/ps7_co
rtexa9_0/include -I.

arm-none-eabi-gcc -MMD -MP       -mcpu=cortex-a9 -mfpu=vfpv3 -mfloat-abi=hard   -O2 -c -c qspi.c -o qspi.o -Izynq_fsbl_bsp/ps7_
cortexa9_0/include -I.

arm-none-eabi-gcc -MMD -MP       -mcpu=cortex-a9 -mfpu=vfpv3 -mfloat-abi=hard   -O2 -c -c ps7_init.c -o ps7_init.o -Izynq_fsbl_
bsp/ps7_cortexa9_0/include -I.

arm-none-eabi-gcc -MMD -MP       -mcpu=cortex-a9 -mfpu=vfpv3 -mfloat-abi=hard   -O2 -c -c pcap.c -o pcap.o -Izynq_fsbl_bsp/ps7_
cortexa9_0/include -I.

In file included from pcap.c:78:
zynq_fsbl_bsp/ps7_cortexa9_0/include/xtime_l.h:65:9: note: #pragma message: For the sleep routines, Global timer is being used
   65 | #pragma message ("For the sleep routines, Global timer is being used")
      |         ^~~~~~~
arm-none-eabi-gcc -MMD -MP       -mcpu=cortex-a9 -mfpu=vfpv3 -mfloat-abi=hard   -O2 -c -c fsbl_handoff.S -o fsbl_handoff.o -Izy
nq_fsbl_bsp/ps7_cortexa9_0/include -I.

arm-none-eabi-gcc -o executable.elf  sd.o  nand.o  image_mover.o  md5.o  fsbl_hooks.o  main.o  rsa.o  nor.o  qspi.o  ps7_init.o
  pcap.o  fsbl_handoff.o -MMD -MP       -mcpu=cortex-a9 -mfpu=vfpv3 -mfloat-abi=hard   -mcpu=cortex-a9 -mfpu=vfpv3 -mfloat-abi=
hard -Wl,-build-id=none -specs=Xilinx.spec  -lrsa -Wl,--start-group,-lxil,-lgcc,-lc,--end-group -Wl,--start-group,-lxilffs,-lxi
l,-lgcc,-lc,--end-group -Wl,--start-group,-lrsa,-lxil,-lgcc,-lc,--end-group                                       -Wl,--gc-sect
ions -Lzynq_fsbl_bsp/ps7_cortexa9_0/lib -L./ -Tlscript.ld

Building the BSP Library for domain  - domain_ps7_cortexa9_0 on processor ps7_cortexa9_0
"Running Make include in ps7_cortexa9_0/libsrc/coresightps_dcc_v1_7/src"

make -C ps7_cortexa9_0/libsrc/coresightps_dcc_v1_7/src -s include  "SHELL=CMD" "COMPILER=arm-none-eabi-gcc" "ASSEMBLER=arm-none
-eabi-as" "ARCHIVER=arm-none-eabi-ar" "COMPILER_FLAGS=  -O2 -c" "EXTRA_COMPILER_FLAGS=-mcpu=cortex-a9 -mfpu=vfpv3 -mfloat-abi=h
ard -nostartfiles -g -Wall -Wextra"

"Running Make include in ps7_cortexa9_0/libsrc/cpu_cortexa9_v2_9/src"

make -C ps7_cortexa9_0/libsrc/cpu_cortexa9_v2_9/src -s include  "SHELL=CMD" "COMPILER=arm-none-eabi-gcc" "ASSEMBLER=arm-none-ea
bi-as" "ARCHIVER=arm-none-eabi-ar" "COMPILER_FLAGS=  -O2 -c" "EXTRA_COMPILER_FLAGS=-mcpu=cortex-a9 -mfpu=vfpv3 -mfloat-abi=hard
 -nostartfiles -g -Wall -Wextra"

"Running Make include in ps7_cortexa9_0/libsrc/ddrps_v1_1/src"

make -C ps7_cortexa9_0/libsrc/ddrps_v1_1/src -s include  "SHELL=CMD" "COMPILER=arm-none-eabi-gcc" "ASSEMBLER=arm-none-eabi-as" 
"ARCHIVER=arm-none-eabi-ar" "COMPILER_FLAGS=  -O2 -c" "EXTRA_COMPILER_FLAGS=-mcpu=cortex-a9 -mfpu=vfpv3 -mfloat-abi=hard -nosta
rtfiles -g -Wall -Wextra"

"Running Make include in ps7_cortexa9_0/libsrc/devcfg_v3_6/src"

make -C ps7_cortexa9_0/libsrc/devcfg_v3_6/src -s include  "SHELL=CMD" "COMPILER=arm-none-eabi-gcc" "ASSEMBLER=arm-none-eabi-as"
 "ARCHIVER=arm-none-eabi-ar" "COMPILER_FLAGS=  -O2 -c" "EXTRA_COMPILER_FLAGS=-mcpu=cortex-a9 -mfpu=vfpv3 -mfloat-abi=hard -nost
artfiles -g -Wall -Wextra"

"Running Make include in ps7_cortexa9_0/libsrc/dmaps_v2_6/src"

make -C ps7_cortexa9_0/libsrc/dmaps_v2_6/src -s include  "SHELL=CMD" "COMPILER=arm-none-eabi-gcc" "ASSEMBLER=arm-none-eabi-as" 
"ARCHIVER=arm-none-eabi-ar" "COMPILER_FLAGS=  -O2 -c" "EXTRA_COMPILER_FLAGS=-mcpu=cortex-a9 -mfpu=vfpv3 -mfloat-abi=hard -nosta
rtfiles -g -Wall -Wextra"

"Running Make include in ps7_cortexa9_0/libsrc/emacps_v3_11/src"

make -C ps7_cortexa9_0/libsrc/emacps_v3_11/src -s include  "SHELL=CMD" "COMPILER=arm-none-eabi-gcc" "ASSEMBLER=arm-none-eabi-as
" "ARCHIVER=arm-none-eabi-ar" "COMPILER_FLAGS=  -O2 -c" "EXTRA_COMPILER_FLAGS=-mcpu=cortex-a9 -mfpu=vfpv3 -mfloat-abi=hard -nos
tartfiles -g -Wall -Wextra"

"Running Make include in ps7_cortexa9_0/libsrc/gpiops_v3_7/src"

make -C ps7_cortexa9_0/libsrc/gpiops_v3_7/src -s include  "SHELL=CMD" "COMPILER=arm-none-eabi-gcc" "ASSEMBLER=arm-none-eabi-as"
 "ARCHIVER=arm-none-eabi-ar" "COMPILER_FLAGS=  -O2 -c" "EXTRA_COMPILER_FLAGS=-mcpu=cortex-a9 -mfpu=vfpv3 -mfloat-abi=hard -nost
artfiles -g -Wall -Wextra"

"Running Make include in ps7_cortexa9_0/libsrc/gpio_v4_6/src"

make -C ps7_cortexa9_0/libsrc/gpio_v4_6/src -s include  "SHELL=CMD" "COMPILER=arm-none-eabi-gcc" "ASSEMBLER=arm-none-eabi-as" "
ARCHIVER=arm-none-eabi-ar" "COMPILER_FLAGS=  -O2 -c" "EXTRA_COMPILER_FLAGS=-mcpu=cortex-a9 -mfpu=vfpv3 -mfloat-abi=hard -nostar
tfiles -g -Wall -Wextra"

"Running Make include in ps7_cortexa9_0/libsrc/qspips_v3_7/src"

make -C ps7_cortexa9_0/libsrc/qspips_v3_7/src -s include  "SHELL=CMD" "COMPILER=arm-none-eabi-gcc" "ASSEMBLER=arm-none-eabi-as"
 "ARCHIVER=arm-none-eabi-ar" "COMPILER_FLAGS=  -O2 -c" "EXTRA_COMPILER_FLAGS=-mcpu=cortex-a9 -mfpu=vfpv3 -mfloat-abi=hard -nost
artfiles -g -Wall -Wextra"

"Running Make include in ps7_cortexa9_0/libsrc/scugic_v4_2/src"

make -C ps7_cortexa9_0/libsrc/scugic_v4_2/src -s include  "SHELL=CMD" "COMPILER=arm-none-eabi-gcc" "ASSEMBLER=arm-none-eabi-as"
 "ARCHIVER=arm-none-eabi-ar" "COMPILER_FLAGS=  -O2 -c" "EXTRA_COMPILER_FLAGS=-mcpu=cortex-a9 -mfpu=vfpv3 -mfloat-abi=hard -nost
artfiles -g -Wall -Wextra"

"Running Make include in ps7_cortexa9_0/libsrc/scutimer_v2_2/src"

make -C ps7_cortexa9_0/libsrc/scutimer_v2_2/src -s include  "SHELL=CMD" "COMPILER=arm-none-eabi-gcc" "ASSEMBLER=arm-none-eabi-a
s" "ARCHIVER=arm-none-eabi-ar" "COMPILER_FLAGS=  -O2 -c" "EXTRA_COMPILER_FLAGS=-mcpu=cortex-a9 -mfpu=vfpv3 -mfloat-abi=hard -no
startfiles -g -Wall -Wextra"

"Running Make include in ps7_cortexa9_0/libsrc/scuwdt_v2_2/src"

make -C ps7_cortexa9_0/libsrc/scuwdt_v2_2/src -s include  "SHELL=CMD" "COMPILER=arm-none-eabi-gcc" "ASSEMBLER=arm-none-eabi-as"
 "ARCHIVER=arm-none-eabi-ar" "COMPILER_FLAGS=  -O2 -c" "EXTRA_COMPILER_FLAGS=-mcpu=cortex-a9 -mfpu=vfpv3 -mfloat-abi=hard -nost
artfiles -g -Wall -Wextra"

"Running Make include in ps7_cortexa9_0/libsrc/sdps_v3_9/src"

make -C ps7_cortexa9_0/libsrc/sdps_v3_9/src -s include  "SHELL=CMD" "COMPILER=arm-none-eabi-gcc" "ASSEMBLER=arm-none-eabi-as" "
ARCHIVER=arm-none-eabi-ar" "COMPILER_FLAGS=  -O2 -c" "EXTRA_COMPILER_FLAGS=-mcpu=cortex-a9 -mfpu=vfpv3 -mfloat-abi=hard -nostar
tfiles -g -Wall -Wextra"

"Running Make include in ps7_cortexa9_0/libsrc/standalone_v7_2/src"

make -C ps7_cortexa9_0/libsrc/standalone_v7_2/src -s include  "SHELL=CMD" "COMPILER=arm-none-eabi-gcc" "ASSEMBLER=arm-none-eabi
-as" "ARCHIVER=arm-none-eabi-ar" "COMPILER_FLAGS=  -O2 -c" "EXTRA_COMPILER_FLAGS=-mcpu=cortex-a9 -mfpu=vfpv3 -mfloat-abi=hard -
nostartfiles -g -Wall -Wextra"

"Running Make include in ps7_cortexa9_0/libsrc/ttcps_v3_11/src"

make -C ps7_cortexa9_0/libsrc/ttcps_v3_11/src -s include  "SHELL=CMD" "COMPILER=arm-none-eabi-gcc" "ASSEMBLER=arm-none-eabi-as"
 "ARCHIVER=arm-none-eabi-ar" "COMPILER_FLAGS=  -O2 -c" "EXTRA_COMPILER_FLAGS=-mcpu=cortex-a9 -mfpu=vfpv3 -mfloat-abi=hard -nost
artfiles -g -Wall -Wextra"

"Running Make include in ps7_cortexa9_0/libsrc/uartps_v3_9/src"

make -C ps7_cortexa9_0/libsrc/uartps_v3_9/src -s include  "SHELL=CMD" "COMPILER=arm-none-eabi-gcc" "ASSEMBLER=arm-none-eabi-as"
 "ARCHIVER=arm-none-eabi-ar" "COMPILER_FLAGS=  -O2 -c" "EXTRA_COMPILER_FLAGS=-mcpu=cortex-a9 -mfpu=vfpv3 -mfloat-abi=hard -nost
artfiles -g -Wall -Wextra"

"Running Make include in ps7_cortexa9_0/libsrc/usbps_v2_5/src"

make -C ps7_cortexa9_0/libsrc/usbps_v2_5/src -s include  "SHELL=CMD" "COMPILER=arm-none-eabi-gcc" "ASSEMBLER=arm-none-eabi-as" 
"ARCHIVER=arm-none-eabi-ar" "COMPILER_FLAGS=  -O2 -c" "EXTRA_COMPILER_FLAGS=-mcpu=cortex-a9 -mfpu=vfpv3 -mfloat-abi=hard -nosta
rtfiles -g -Wall -Wextra"

"Running Make include in ps7_cortexa9_0/libsrc/xadcps_v2_4/src"

make -C ps7_cortexa9_0/libsrc/xadcps_v2_4/src -s include  "SHELL=CMD" "COMPILER=arm-none-eabi-gcc" "ASSEMBLER=arm-none-eabi-as"
 "ARCHIVER=arm-none-eabi-ar" "COMPILER_FLAGS=  -O2 -c" "EXTRA_COMPILER_FLAGS=-mcpu=cortex-a9 -mfpu=vfpv3 -mfloat-abi=hard -nost
artfiles -g -Wall -Wextra"

"Running Make libs in ps7_cortexa9_0/libsrc/coresightps_dcc_v1_7/src"

make -C ps7_cortexa9_0/libsrc/coresightps_dcc_v1_7/src -s libs  "SHELL=CMD" "COMPILER=arm-none-eabi-gcc" "ASSEMBLER=arm-none-ea
bi-as" "ARCHIVER=arm-none-eabi-ar" "COMPILER_FLAGS=  -O2 -c" "EXTRA_COMPILER_FLAGS=-mcpu=cortex-a9 -mfpu=vfpv3 -mfloat-abi=hard
 -nostartfiles -g -Wall -Wextra"

"Compiling coresightps_dcc"

arm-none-eabi-ar: creating ../../../lib/libxil.a
"Running Make libs in ps7_cortexa9_0/libsrc/cpu_cortexa9_v2_9/src"

make -C ps7_cortexa9_0/libsrc/cpu_cortexa9_v2_9/src -s libs  "SHELL=CMD" "COMPILER=arm-none-eabi-gcc" "ASSEMBLER=arm-none-eabi-
as" "ARCHIVER=arm-none-eabi-ar" "COMPILER_FLAGS=  -O2 -c" "EXTRA_COMPILER_FLAGS=-mcpu=cortex-a9 -mfpu=vfpv3 -mfloat-abi=hard -n
ostartfiles -g -Wall -Wextra"

"Compiling cpu_cortexa9"

"Running Make libs in ps7_cortexa9_0/libsrc/ddrps_v1_1/src"

make -C ps7_cortexa9_0/libsrc/ddrps_v1_1/src -s libs  "SHELL=CMD" "COMPILER=arm-none-eabi-gcc" "ASSEMBLER=arm-none-eabi-as" "AR
CHIVER=arm-none-eabi-ar" "COMPILER_FLAGS=  -O2 -c" "EXTRA_COMPILER_FLAGS=-mcpu=cortex-a9 -mfpu=vfpv3 -mfloat-abi=hard -nostartf
iles -g -Wall -Wextra"

"Compiling ddrps"

"Running Make libs in ps7_cortexa9_0/libsrc/devcfg_v3_6/src"

make -C ps7_cortexa9_0/libsrc/devcfg_v3_6/src -s libs  "SHELL=CMD" "COMPILER=arm-none-eabi-gcc" "ASSEMBLER=arm-none-eabi-as" "A
RCHIVER=arm-none-eabi-ar" "COMPILER_FLAGS=  -O2 -c" "EXTRA_COMPILER_FLAGS=-mcpu=cortex-a9 -mfpu=vfpv3 -mfloat-abi=hard -nostart
files -g -Wall -Wextra"

"Compiling devcfg"

"Running Make libs in ps7_cortexa9_0/libsrc/dmaps_v2_6/src"

make -C ps7_cortexa9_0/libsrc/dmaps_v2_6/src -s libs  "SHELL=CMD" "COMPILER=arm-none-eabi-gcc" "ASSEMBLER=arm-none-eabi-as" "AR
CHIVER=arm-none-eabi-ar" "COMPILER_FLAGS=  -O2 -c" "EXTRA_COMPILER_FLAGS=-mcpu=cortex-a9 -mfpu=vfpv3 -mfloat-abi=hard -nostartf
iles -g -Wall -Wextra"

"Compiling dmaps"

"Running Make libs in ps7_cortexa9_0/libsrc/emacps_v3_11/src"

make -C ps7_cortexa9_0/libsrc/emacps_v3_11/src -s libs  "SHELL=CMD" "COMPILER=arm-none-eabi-gcc" "ASSEMBLER=arm-none-eabi-as" "
ARCHIVER=arm-none-eabi-ar" "COMPILER_FLAGS=  -O2 -c" "EXTRA_COMPILER_FLAGS=-mcpu=cortex-a9 -mfpu=vfpv3 -mfloat-abi=hard -nostar
tfiles -g -Wall -Wextra"

"Compiling emacps"

"Running Make libs in ps7_cortexa9_0/libsrc/gpiops_v3_7/src"

make -C ps7_cortexa9_0/libsrc/gpiops_v3_7/src -s libs  "SHELL=CMD" "COMPILER=arm-none-eabi-gcc" "ASSEMBLER=arm-none-eabi-as" "A
RCHIVER=arm-none-eabi-ar" "COMPILER_FLAGS=  -O2 -c" "EXTRA_COMPILER_FLAGS=-mcpu=cortex-a9 -mfpu=vfpv3 -mfloat-abi=hard -nostart
files -g -Wall -Wextra"

"Compiling gpiops"

"Running Make libs in ps7_cortexa9_0/libsrc/gpio_v4_6/src"

make -C ps7_cortexa9_0/libsrc/gpio_v4_6/src -s libs  "SHELL=CMD" "COMPILER=arm-none-eabi-gcc" "ASSEMBLER=arm-none-eabi-as" "ARC
HIVER=arm-none-eabi-ar" "COMPILER_FLAGS=  -O2 -c" "EXTRA_COMPILER_FLAGS=-mcpu=cortex-a9 -mfpu=vfpv3 -mfloat-abi=hard -nostartfi
les -g -Wall -Wextra"

"Compiling gpio"

"Running Make libs in ps7_cortexa9_0/libsrc/qspips_v3_7/src"

make -C ps7_cortexa9_0/libsrc/qspips_v3_7/src -s libs  "SHELL=CMD" "COMPILER=arm-none-eabi-gcc" "ASSEMBLER=arm-none-eabi-as" "A
RCHIVER=arm-none-eabi-ar" "COMPILER_FLAGS=  -O2 -c" "EXTRA_COMPILER_FLAGS=-mcpu=cortex-a9 -mfpu=vfpv3 -mfloat-abi=hard -nostart
files -g -Wall -Wextra"

"Compiling qspips"

"Running Make libs in ps7_cortexa9_0/libsrc/scugic_v4_2/src"

make -C ps7_cortexa9_0/libsrc/scugic_v4_2/src -s libs  "SHELL=CMD" "COMPILER=arm-none-eabi-gcc" "ASSEMBLER=arm-none-eabi-as" "A
RCHIVER=arm-none-eabi-ar" "COMPILER_FLAGS=  -O2 -c" "EXTRA_COMPILER_FLAGS=-mcpu=cortex-a9 -mfpu=vfpv3 -mfloat-abi=hard -nostart
files -g -Wall -Wextra"

"Compiling scugic"

"Running Make libs in ps7_cortexa9_0/libsrc/scutimer_v2_2/src"

make -C ps7_cortexa9_0/libsrc/scutimer_v2_2/src -s libs  "SHELL=CMD" "COMPILER=arm-none-eabi-gcc" "ASSEMBLER=arm-none-eabi-as" 
"ARCHIVER=arm-none-eabi-ar" "COMPILER_FLAGS=  -O2 -c" "EXTRA_COMPILER_FLAGS=-mcpu=cortex-a9 -mfpu=vfpv3 -mfloat-abi=hard -nosta
rtfiles -g -Wall -Wextra"

"Compiling scutimer"

"Running Make libs in ps7_cortexa9_0/libsrc/scuwdt_v2_2/src"

make -C ps7_cortexa9_0/libsrc/scuwdt_v2_2/src -s libs  "SHELL=CMD" "COMPILER=arm-none-eabi-gcc" "ASSEMBLER=arm-none-eabi-as" "A
RCHIVER=arm-none-eabi-ar" "COMPILER_FLAGS=  -O2 -c" "EXTRA_COMPILER_FLAGS=-mcpu=cortex-a9 -mfpu=vfpv3 -mfloat-abi=hard -nostart
files -g -Wall -Wextra"

"Compiling scuwdt"

"Running Make libs in ps7_cortexa9_0/libsrc/sdps_v3_9/src"

make -C ps7_cortexa9_0/libsrc/sdps_v3_9/src -s libs  "SHELL=CMD" "COMPILER=arm-none-eabi-gcc" "ASSEMBLER=arm-none-eabi-as" "ARC
HIVER=arm-none-eabi-ar" "COMPILER_FLAGS=  -O2 -c" "EXTRA_COMPILER_FLAGS=-mcpu=cortex-a9 -mfpu=vfpv3 -mfloat-abi=hard -nostartfi
les -g -Wall -Wextra"

"Compiling sdps"

"Running Make libs in ps7_cortexa9_0/libsrc/standalone_v7_2/src"

make -C ps7_cortexa9_0/libsrc/standalone_v7_2/src -s libs  "SHELL=CMD" "COMPILER=arm-none-eabi-gcc" "ASSEMBLER=arm-none-eabi-as
" "ARCHIVER=arm-none-eabi-ar" "COMPILER_FLAGS=  -O2 -c" "EXTRA_COMPILER_FLAGS=-mcpu=cortex-a9 -mfpu=vfpv3 -mfloat-abi=hard -nos
tartfiles -g -Wall -Wextra"

"Compiling standalone"

In file included from usleep.c:34:
xtime_l.h:65:9: note: #pragma message: For the sleep routines, Global timer is being used
   65 | #pragma message ("For the sleep routines, Global timer is being used")
      |         ^~~~~~~
In file included from xil_sleeptimer.c:32:
xtime_l.h:65:9: note: #pragma message: For the sleep routines, Global timer is being used
   65 | #pragma message ("For the sleep routines, Global timer is being used")
      |         ^~~~~~~
In file included from xtime_l.c:27:
xtime_l.h:65:9: note: #pragma message: For the sleep routines, Global timer is being used
   65 | #pragma message ("For the sleep routines, Global timer is being used")
      |         ^~~~~~~
In file included from sleep.c:31:
xtime_l.h:65:9: note: #pragma message: For the sleep routines, Global timer is being used
   65 | #pragma message ("For the sleep routines, Global timer is being used")
      |         ^~~~~~~
"Running Make libs in ps7_cortexa9_0/libsrc/ttcps_v3_11/src"

make -C ps7_cortexa9_0/libsrc/ttcps_v3_11/src -s libs  "SHELL=CMD" "COMPILER=arm-none-eabi-gcc" "ASSEMBLER=arm-none-eabi-as" "A
RCHIVER=arm-none-eabi-ar" "COMPILER_FLAGS=  -O2 -c" "EXTRA_COMPILER_FLAGS=-mcpu=cortex-a9 -mfpu=vfpv3 -mfloat-abi=hard -nostart
files -g -Wall -Wextra"

"Compiling ttcps"

"Running Make libs in ps7_cortexa9_0/libsrc/uartps_v3_9/src"

make -C ps7_cortexa9_0/libsrc/uartps_v3_9/src -s libs  "SHELL=CMD" "COMPILER=arm-none-eabi-gcc" "ASSEMBLER=arm-none-eabi-as" "A
RCHIVER=arm-none-eabi-ar" "COMPILER_FLAGS=  -O2 -c" "EXTRA_COMPILER_FLAGS=-mcpu=cortex-a9 -mfpu=vfpv3 -mfloat-abi=hard -nostart
files -g -Wall -Wextra"

"Compiling uartps"

"Running Make libs in ps7_cortexa9_0/libsrc/usbps_v2_5/src"

make -C ps7_cortexa9_0/libsrc/usbps_v2_5/src -s libs  "SHELL=CMD" "COMPILER=arm-none-eabi-gcc" "ASSEMBLER=arm-none-eabi-as" "AR
CHIVER=arm-none-eabi-ar" "COMPILER_FLAGS=  -O2 -c" "EXTRA_COMPILER_FLAGS=-mcpu=cortex-a9 -mfpu=vfpv3 -mfloat-abi=hard -nostartf
iles -g -Wall -Wextra"

"Compiling usbps"

"Running Make libs in ps7_cortexa9_0/libsrc/xadcps_v2_4/src"

make -C ps7_cortexa9_0/libsrc/xadcps_v2_4/src -s libs  "SHELL=CMD" "COMPILER=arm-none-eabi-gcc" "ASSEMBLER=arm-none-eabi-as" "A
RCHIVER=arm-none-eabi-ar" "COMPILER_FLAGS=  -O2 -c" "EXTRA_COMPILER_FLAGS=-mcpu=cortex-a9 -mfpu=vfpv3 -mfloat-abi=hard -nostart
files -g -Wall -Wextra"

"Compiling xadcps"

'Finished building libraries'

03:41:58 **** Build of configuration Debug for project rc_control ****
make all 
make --no-print-directory pre-build
a9-linaro-pre-build-step
' '
make --no-print-directory main-build
'Building file: ../src/rc_control.c'
'Invoking: ARM v7 gcc compiler'
arm-none-eabi-gcc -Wall -O0 -g3 -c -fmessage-length=0 -MT"src/rc_control.o" -mcpu=cortex-a9 -mfpu=vfpv3 -mfloat-abi=hard -IC:/Users/ianrun75/Downloads/MP1new/vitis/mp1block_wrapper/export/mp1block_wrapper/sw/mp1block_wrapper/domain_ps7_cortexa9_0/bspinclude/include -MMD -MP -MF"src/rc_control.d" -MT"src/rc_control.o" -o "src/rc_control.o" "../src/rc_control.c"
../src/rc_control.c: In function 'main':
../src/rc_control.c:19:4: warning: implicit declaration of function 'printf' [-Wimplicit-function-declaration]
   19 |    printf("\033[2J");
      |    ^~~~~~
../src/rc_control.c:19:4: warning: incompatible implicit declaration of built-in function 'printf'
../src/rc_control.c:4:1: note: include '<stdio.h>' or provide a declaration of 'printf'
    3 | #include <xparameters.h>
  +++ |+#include <stdio.h>
    4 | 
../src/rc_control.c:22:13: warning: format '%d' expects argument of type 'int', but argument 2 has type 'u32' {aka 'long unsigned int'} [-Wformat=]
   22 |    printf("%d this is REG 0 \n",Xil_In32(XPAR_AXI_PPM_0_S00_AXI_BASEADDR + 0x0));
      |            ~^                   ~~~~~~~~~~~~~~~~~~~~~~~~~~~~~~~~~~~~~~~~~~~~~~~
      |             |                   |
      |             int                 u32 {aka long unsigned int}
      |            %ld
../src/rc_control.c:23:13: warning: format '%d' expects argument of type 'int', but argument 2 has type 'u32' {aka 'long unsigned int'} [-Wformat=]
   23 |    printf("%d this is REG 1 \n",Xil_In32(XPAR_AXI_PPM_0_S00_AXI_BASEADDR + 0x4));
      |            ~^                   ~~~~~~~~~~~~~~~~~~~~~~~~~~~~~~~~~~~~~~~~~~~~~~~
      |             |                   |
      |             int                 u32 {aka long unsigned int}
      |            %ld
../src/rc_control.c:24:13: warning: format '%d' expects argument of type 'int', but argument 2 has type 'u32' {aka 'long unsigned int'} [-Wformat=]
   24 |    printf("%d this is REG 2 \n",Xil_In32(XPAR_AXI_PPM_0_S00_AXI_BASEADDR + 0x8));
      |            ~^                   ~~~~~~~~~~~~~~~~~~~~~~~~~~~~~~~~~~~~~~~~~~~~~~~
      |             |                   |
      |             int                 u32 {aka long unsigned int}
      |            %ld
../src/rc_control.c:25:13: warning: format '%d' expects argument of type 'int', but argument 2 has type 'u32' {aka 'long unsigned int'} [-Wformat=]
   25 |    printf("%d this is REG 3 \n",Xil_In32(XPAR_AXI_PPM_0_S00_AXI_BASEADDR + 0xC));
      |            ~^                   ~~~~~~~~~~~~~~~~~~~~~~~~~~~~~~~~~~~~~~~~~~~~~~~
      |             |                   |
      |             int                 u32 {aka long unsigned int}
      |            %ld
../src/rc_control.c:26:13: warning: format '%d' expects argument of type 'int', but argument 2 has type 'u32' {aka 'long unsigned int'} [-Wformat=]
   26 |    printf("%d this is REG 4 \n",Xil_In32(XPAR_AXI_PPM_0_S00_AXI_BASEADDR + 0x10));
      |            ~^                   ~~~~~~~~~~~~~~~~~~~~~~~~~~~~~~~~~~~~~~~~~~~~~~~~
      |             |                   |
      |             int                 u32 {aka long unsigned int}
      |            %ld
../src/rc_control.c:27:13: warning: format '%d' expects argument of type 'int', but argument 2 has type 'u32' {aka 'long unsigned int'} [-Wformat=]
   27 |    printf("%d this is REG 5 \n",Xil_In32(XPAR_AXI_PPM_0_S00_AXI_BASEADDR + 0x14));
      |            ~^                   ~~~~~~~~~~~~~~~~~~~~~~~~~~~~~~~~~~~~~~~~~~~~~~~~
      |             |                   |
      |             int                 u32 {aka long unsigned int}
      |            %ld
../src/rc_control.c:28:13: warning: format '%d' expects argument of type 'int', but argument 2 has type 'u32' {aka 'long unsigned int'} [-Wformat=]
   28 |    printf("%d this is REG 6 \n",Xil_In32(XPAR_AXI_PPM_0_S00_AXI_BASEADDR + 0x18));
      |            ~^                   ~~~~~~~~~~~~~~~~~~~~~~~~~~~~~~~~~~~~~~~~~~~~~~~~
      |             |                   |
      |             int                 u32 {aka long unsigned int}
      |            %ld
../src/rc_control.c:29:13: warning: format '%d' expects argument of type 'int', but argument 2 has type 'u32' {aka 'long unsigned int'} [-Wformat=]
   29 |    printf("%d this is REG 7 \n",Xil_In32(XPAR_AXI_PPM_0_S00_AXI_BASEADDR + 0x1C));
      |            ~^                   ~~~~~~~~~~~~~~~~~~~~~~~~~~~~~~~~~~~~~~~~~~~~~~~~
      |             |                   |
      |             int                 u32 {aka long unsigned int}
      |            %ld
../src/rc_control.c:30:13: warning: format '%d' expects argument of type 'int', but argument 2 has type 'u32' {aka 'long unsigned int'} [-Wformat=]
   30 |    printf("%d this is REG 8 \n",Xil_In32(XPAR_AXI_PPM_0_S00_AXI_BASEADDR + 0x20));
      |            ~^                   ~~~~~~~~~~~~~~~~~~~~~~~~~~~~~~~~~~~~~~~~~~~~~~~~
      |             |                   |
      |             int                 u32 {aka long unsigned int}
      |            %ld
../src/rc_control.c:31:13: warning: format '%d' expects argument of type 'int', but argument 2 has type 'u32' {aka 'long unsigned int'} [-Wformat=]
   31 |    printf("%d this is REG 9 \n",Xil_In32(XPAR_AXI_PPM_0_S00_AXI_BASEADDR + 0x24));
      |            ~^                   ~~~~~~~~~~~~~~~~~~~~~~~~~~~~~~~~~~~~~~~~~~~~~~~~
      |             |                   |
      |             int                 u32 {aka long unsigned int}
      |            %ld
../src/rc_control.c:32:13: warning: format '%d' expects argument of type 'int', but argument 2 has type 'u32' {aka 'long unsigned int'} [-Wformat=]
   32 |    printf("%d this is REG 10 \n",Xil_In32(XPAR_AXI_PPM_0_S00_AXI_BASEADDR + 0x28));
      |            ~^                    ~~~~~~~~~~~~~~~~~~~~~~~~~~~~~~~~~~~~~~~~~~~~~~~~
      |             |                    |
      |             int                  u32 {aka long unsigned int}
      |            %ld
../src/rc_control.c:33:13: warning: format '%d' expects argument of type 'int', but argument 2 has type 'u32' {aka 'long unsigned int'} [-Wformat=]
   33 |    printf("%d this is REG 11 \n",Xil_In32(XPAR_AXI_PPM_0_S00_AXI_BASEADDR + 0x2C));
      |            ~^                    ~~~~~~~~~~~~~~~~~~~~~~~~~~~~~~~~~~~~~~~~~~~~~~~~
      |             |                    |
      |             int                  u32 {aka long unsigned int}
      |            %ld
../src/rc_control.c:34:13: warning: format '%d' expects argument of type 'int', but argument 2 has type 'u32' {aka 'long unsigned int'} [-Wformat=]
   34 |    printf("%d this is REG 12 \n",Xil_In32(XPAR_AXI_PPM_0_S00_AXI_BASEADDR + 0x30));
      |            ~^                    ~~~~~~~~~~~~~~~~~~~~~~~~~~~~~~~~~~~~~~~~~~~~~~~~
      |             |                    |
      |             int                  u32 {aka long unsigned int}
      |            %ld
../src/rc_control.c:35:13: warning: format '%d' expects argument of type 'int', but argument 2 has type 'u32' {aka 'long unsigned int'} [-Wformat=]
   35 |    printf("%d this is REG 13 \n",Xil_In32(XPAR_AXI_PPM_0_S00_AXI_BASEADDR + 0x34));
      |            ~^                    ~~~~~~~~~~~~~~~~~~~~~~~~~~~~~~~~~~~~~~~~~~~~~~~~
      |             |                    |
      |             int                  u32 {aka long unsigned int}
      |            %ld
../src/rc_control.c:36:13: warning: format '%d' expects argument of type 'int', but argument 2 has type 'u32' {aka 'long unsigned int'} [-Wformat=]
   36 |    printf("%d this is REG 14 \n",Xil_In32(XPAR_AXI_PPM_0_S00_AXI_BASEADDR + 0x38));
      |            ~^                    ~~~~~~~~~~~~~~~~~~~~~~~~~~~~~~~~~~~~~~~~~~~~~~~~
      |             |                    |
      |             int                  u32 {aka long unsigned int}
      |            %ld
../src/rc_control.c:37:13: warning: format '%d' expects argument of type 'int', but argument 2 has type 'u32' {aka 'long unsigned int'} [-Wformat=]
   37 |    printf("%d this is REG 15 \n",Xil_In32(XPAR_AXI_PPM_0_S00_AXI_BASEADDR + 0x3C));
      |            ~^                    ~~~~~~~~~~~~~~~~~~~~~~~~~~~~~~~~~~~~~~~~~~~~~~~~
      |             |                    |
      |             int                  u32 {aka long unsigned int}
      |            %ld
../src/rc_control.c:38:13: warning: format '%d' expects argument of type 'int', but argument 2 has type 'u32' {aka 'long unsigned int'} [-Wformat=]
   38 |    printf("%d this is REG 16 \n",Xil_In32(XPAR_AXI_PPM_0_S00_AXI_BASEADDR + 0x40));
      |            ~^                    ~~~~~~~~~~~~~~~~~~~~~~~~~~~~~~~~~~~~~~~~~~~~~~~~
      |             |                    |
      |             int                  u32 {aka long unsigned int}
      |            %ld
../src/rc_control.c:11:6: warning: variable 'ja1' set but not used [-Wunused-but-set-variable]
   11 |  int ja1 = 0; //input ppm waveform from the trainer port
      |      ^~~
'Finished building: ../src/rc_control.c'
' '
'Building target: rc_control.elf'
'Invoking: ARM v7 gcc linker'
arm-none-eabi-gcc -mcpu=cortex-a9 -mfpu=vfpv3 -mfloat-abi=hard -Wl,-build-id=none -specs=Xilinx.spec -Wl,-T -Wl,../src/lscript.ld -LC:/Users/ianrun75/Downloads/MP1new/vitis/mp1block_wrapper/export/mp1block_wrapper/sw/mp1block_wrapper/domain_ps7_cortexa9_0/bsplib/lib -o "rc_control.elf"  ./src/rc_control.o   -Wl,--start-group,-lxil,-lgcc,-lc,--end-group
'Finished building target: rc_control.elf'
' '
'Invoking: ARM v7 Print Size'
arm-none-eabi-size rc_control.elf  |tee "rc_control.elf.size"
   text	   data	    bss	    dec	    hex	filename
  42128	   2548	  22640	  67316	  106f4	rc_control.elf
'Finished building: rc_control.elf.size'
' '
03:42:02 **** Build of configuration Debug for project rc_control_system ****
make all 
Generating bif file for the system project
generate_system_bif.bat 50008 C:/Users/ianrun75/Downloads/MP1new/vitis/mp1block_wrapper/export/mp1block_wrapper/mp1block_wrapper.xpfm domain_ps7_cortexa9_0 C:/Users/ianrun75/Downloads/MP1new/vitis/rc_control_system/Debug/system.bif
sdcard_gen --xpfm C:/Users/ianrun75/Downloads/MP1new/vitis/mp1block_wrapper/export/mp1block_wrapper/mp1block_wrapper.xpfm --sys_config mp1block_wrapper --bif C:/Users/ianrun75/Downloads/MP1new/vitis/rc_control_system/Debug/system.bif --bitstream C:/Users/ianrun75/Downloads/MP1new/vitis/rc_control/_ide/bitstream/mp1block_wrapper.bit --elf C:/Users/ianrun75/Downloads/MP1new/vitis/rc_control/Debug/rc_control.elf,ps7_cortexa9_0
creating BOOT.BIN using C:/Users/ianrun75/Downloads/MP1new/vitis/rc_control/_ide/bitstream/mp1block_wrapper.bit
Running C:/Xilinx/Vitis/2020.1/bin/bootgen  -image C:/Users/ianrun75/Downloads/MP1new/vitis/rc_control_system/Debug/sd_card_temp/boot.bif -w -o i BOOT.BIN
