03:41:58 **** Build of configuration Debug for project rc_control ****
make all 
make --no-print-directory pre-build
a9-linaro-pre-build-step
' '
make --no-print-directory main-build
'Building file: ../src/rc_control.c'
'Invoking: ARM v7 gcc compiler'
arm-none-eabi-gcc -Wall -O0 -g3 -c -fmessage-length=0 -MT"src/rc_control.o" -mcpu=cortex-a9 -mfpu=vfpv3 -mfloat-abi=hard -IC:/Users/ianrun75/Downloads/MP1new/vitis/mp1block_wrapper/export/mp1block_wrapper/sw/mp1block_wrapper/domain_ps7_cortexa9_0/bspinclude/include -MMD -MP -MF"src/rc_control.d" -MT"src/rc_control.o" -o "src/rc_control.o" "../src/rc_control.c"
../src/rc_control.c: In function 'main':
../src/rc_control.c:19:4: warning: implicit declaration of function 'printf' [-Wimplicit-function-declaration]
   19 |    printf("\033[2J");
      |    ^~~~~~
../src/rc_control.c:19:4: warning: incompatible implicit declaration of built-in function 'printf'
../src/rc_control.c:4:1: note: include '<stdio.h>' or provide a declaration of 'printf'
    3 | #include <xparameters.h>
  +++ |+#include <stdio.h>
    4 | 
../src/rc_control.c:22:13: warning: format '%d' expects argument of type 'int', but argument 2 has type 'u32' {aka 'long unsigned int'} [-Wformat=]
   22 |    printf("%d this is REG 0 \n",Xil_In32(XPAR_AXI_PPM_0_S00_AXI_BASEADDR + 0x0));
      |            ~^                   ~~~~~~~~~~~~~~~~~~~~~~~~~~~~~~~~~~~~~~~~~~~~~~~
      |             |                   |
      |             int                 u32 {aka long unsigned int}
      |            %ld
../src/rc_control.c:23:13: warning: format '%d' expects argument of type 'int', but argument 2 has type 'u32' {aka 'long unsigned int'} [-Wformat=]
   23 |    printf("%d this is REG 1 \n",Xil_In32(XPAR_AXI_PPM_0_S00_AXI_BASEADDR + 0x4));
      |            ~^                   ~~~~~~~~~~~~~~~~~~~~~~~~~~~~~~~~~~~~~~~~~~~~~~~
      |             |                   |
      |             int                 u32 {aka long unsigned int}
      |            %ld
../src/rc_control.c:24:13: warning: format '%d' expects argument of type 'int', but argument 2 has type 'u32' {aka 'long unsigned int'} [-Wformat=]
   24 |    printf("%d this is REG 2 \n",Xil_In32(XPAR_AXI_PPM_0_S00_AXI_BASEADDR + 0x8));
      |            ~^                   ~~~~~~~~~~~~~~~~~~~~~~~~~~~~~~~~~~~~~~~~~~~~~~~
      |             |                   |
      |             int                 u32 {aka long unsigned int}
      |            %ld
../src/rc_control.c:25:13: warning: format '%d' expects argument of type 'int', but argument 2 has type 'u32' {aka 'long unsigned int'} [-Wformat=]
   25 |    printf("%d this is REG 3 \n",Xil_In32(XPAR_AXI_PPM_0_S00_AXI_BASEADDR + 0xC));
      |            ~^                   ~~~~~~~~~~~~~~~~~~~~~~~~~~~~~~~~~~~~~~~~~~~~~~~
      |             |                   |
      |             int                 u32 {aka long unsigned int}
      |            %ld
../src/rc_control.c:26:13: warning: format '%d' expects argument of type 'int', but argument 2 has type 'u32' {aka 'long unsigned int'} [-Wformat=]
   26 |    printf("%d this is REG 4 \n",Xil_In32(XPAR_AXI_PPM_0_S00_AXI_BASEADDR + 0x10));
      |            ~^                   ~~~~~~~~~~~~~~~~~~~~~~~~~~~~~~~~~~~~~~~~~~~~~~~~
      |             |                   |
      |             int                 u32 {aka long unsigned int}
      |            %ld
../src/rc_control.c:27:13: warning: format '%d' expects argument of type 'int', but argument 2 has type 'u32' {aka 'long unsigned int'} [-Wformat=]
   27 |    printf("%d this is REG 5 \n",Xil_In32(XPAR_AXI_PPM_0_S00_AXI_BASEADDR + 0x14));
      |            ~^                   ~~~~~~~~~~~~~~~~~~~~~~~~~~~~~~~~~~~~~~~~~~~~~~~~
      |             |                   |
      |             int                 u32 {aka long unsigned int}
      |            %ld
../src/rc_control.c:28:13: warning: format '%d' expects argument of type 'int', but argument 2 has type 'u32' {aka 'long unsigned int'} [-Wformat=]
   28 |    printf("%d this is REG 6 \n",Xil_In32(XPAR_AXI_PPM_0_S00_AXI_BASEADDR + 0x18));
      |            ~^                   ~~~~~~~~~~~~~~~~~~~~~~~~~~~~~~~~~~~~~~~~~~~~~~~~
      |             |                   |
      |             int                 u32 {aka long unsigned int}
      |            %ld
../src/rc_control.c:29:13: warning: format '%d' expects argument of type 'int', but argument 2 has type 'u32' {aka 'long unsigned int'} [-Wformat=]
   29 |    printf("%d this is REG 7 \n",Xil_In32(XPAR_AXI_PPM_0_S00_AXI_BASEADDR + 0x1C));
      |            ~^                   ~~~~~~~~~~~~~~~~~~~~~~~~~~~~~~~~~~~~~~~~~~~~~~~~
      |             |                   |
      |             int                 u32 {aka long unsigned int}
      |            %ld
../src/rc_control.c:30:13: warning: format '%d' expects argument of type 'int', but argument 2 has type 'u32' {aka 'long unsigned int'} [-Wformat=]
   30 |    printf("%d this is REG 8 \n",Xil_In32(XPAR_AXI_PPM_0_S00_AXI_BASEADDR + 0x20));
      |            ~^                   ~~~~~~~~~~~~~~~~~~~~~~~~~~~~~~~~~~~~~~~~~~~~~~~~
      |             |                   |
      |             int                 u32 {aka long unsigned int}
      |            %ld
../src/rc_control.c:31:13: warning: format '%d' expects argument of type 'int', but argument 2 has type 'u32' {aka 'long unsigned int'} [-Wformat=]
   31 |    printf("%d this is REG 9 \n",Xil_In32(XPAR_AXI_PPM_0_S00_AXI_BASEADDR + 0x24));
      |            ~^                   ~~~~~~~~~~~~~~~~~~~~~~~~~~~~~~~~~~~~~~~~~~~~~~~~
      |             |                   |
      |             int                 u32 {aka long unsigned int}
      |            %ld
../src/rc_control.c:32:13: warning: format '%d' expects argument of type 'int', but argument 2 has type 'u32' {aka 'long unsigned int'} [-Wformat=]
   32 |    printf("%d this is REG 10 \n",Xil_In32(XPAR_AXI_PPM_0_S00_AXI_BASEADDR + 0x28));
      |            ~^                    ~~~~~~~~~~~~~~~~~~~~~~~~~~~~~~~~~~~~~~~~~~~~~~~~
      |             |                    |
      |             int                  u32 {aka long unsigned int}
      |            %ld
../src/rc_control.c:33:13: warning: format '%d' expects argument of type 'int', but argument 2 has type 'u32' {aka 'long unsigned int'} [-Wformat=]
   33 |    printf("%d this is REG 11 \n",Xil_In32(XPAR_AXI_PPM_0_S00_AXI_BASEADDR + 0x2C));
      |            ~^                    ~~~~~~~~~~~~~~~~~~~~~~~~~~~~~~~~~~~~~~~~~~~~~~~~
      |             |                    |
      |             int                  u32 {aka long unsigned int}
      |            %ld
../src/rc_control.c:34:13: warning: format '%d' expects argument of type 'int', but argument 2 has type 'u32' {aka 'long unsigned int'} [-Wformat=]
   34 |    printf("%d this is REG 12 \n",Xil_In32(XPAR_AXI_PPM_0_S00_AXI_BASEADDR + 0x30));
      |            ~^                    ~~~~~~~~~~~~~~~~~~~~~~~~~~~~~~~~~~~~~~~~~~~~~~~~
      |             |                    |
      |             int                  u32 {aka long unsigned int}
      |            %ld
../src/rc_control.c:35:13: warning: format '%d' expects argument of type 'int', but argument 2 has type 'u32' {aka 'long unsigned int'} [-Wformat=]
   35 |    printf("%d this is REG 13 \n",Xil_In32(XPAR_AXI_PPM_0_S00_AXI_BASEADDR + 0x34));
      |            ~^                    ~~~~~~~~~~~~~~~~~~~~~~~~~~~~~~~~~~~~~~~~~~~~~~~~
      |             |                    |
      |             int                  u32 {aka long unsigned int}
      |            %ld
../src/rc_control.c:36:13: warning: format '%d' expects argument of type 'int', but argument 2 has type 'u32' {aka 'long unsigned int'} [-Wformat=]
   36 |    printf("%d this is REG 14 \n",Xil_In32(XPAR_AXI_PPM_0_S00_AXI_BASEADDR + 0x38));
      |            ~^                    ~~~~~~~~~~~~~~~~~~~~~~~~~~~~~~~~~~~~~~~~~~~~~~~~
      |             |                    |
      |             int                  u32 {aka long unsigned int}
      |            %ld
../src/rc_control.c:37:13: warning: format '%d' expects argument of type 'int', but argument 2 has type 'u32' {aka 'long unsigned int'} [-Wformat=]
   37 |    printf("%d this is REG 15 \n",Xil_In32(XPAR_AXI_PPM_0_S00_AXI_BASEADDR + 0x3C));
      |            ~^                    ~~~~~~~~~~~~~~~~~~~~~~~~~~~~~~~~~~~~~~~~~~~~~~~~
      |             |                    |
      |             int                  u32 {aka long unsigned int}
      |            %ld
../src/rc_control.c:38:13: warning: format '%d' expects argument of type 'int', but argument 2 has type 'u32' {aka 'long unsigned int'} [-Wformat=]
   38 |    printf("%d this is REG 16 \n",Xil_In32(XPAR_AXI_PPM_0_S00_AXI_BASEADDR + 0x40));
      |            ~^                    ~~~~~~~~~~~~~~~~~~~~~~~~~~~~~~~~~~~~~~~~~~~~~~~~
      |             |                    |
      |             int                  u32 {aka long unsigned int}
      |            %ld
../src/rc_control.c:11:6: warning: variable 'ja1' set but not used [-Wunused-but-set-variable]
   11 |  int ja1 = 0; //input ppm waveform from the trainer port
      |      ^~~
'Finished building: ../src/rc_control.c'
' '
'Building target: rc_control.elf'
'Invoking: ARM v7 gcc linker'
arm-none-eabi-gcc -mcpu=cortex-a9 -mfpu=vfpv3 -mfloat-abi=hard -Wl,-build-id=none -specs=Xilinx.spec -Wl,-T -Wl,../src/lscript.ld -LC:/Users/ianrun75/Downloads/MP1new/vitis/mp1block_wrapper/export/mp1block_wrapper/sw/mp1block_wrapper/domain_ps7_cortexa9_0/bsplib/lib -o "rc_control.elf"  ./src/rc_control.o   -Wl,--start-group,-lxil,-lgcc,-lc,--end-group
'Finished building target: rc_control.elf'
' '
'Invoking: ARM v7 Print Size'
arm-none-eabi-size rc_control.elf  |tee "rc_control.elf.size"
   text	   data	    bss	    dec	    hex	filename
  42128	   2548	  22640	  67316	  106f4	rc_control.elf
'Finished building: rc_control.elf.size'
' '

03:41:59 Build Finished (took 637ms)

