2026-01-31T15:40:20.445301600255-15:40:20 **** Incremental Build of configuration Debug for project MP0 ****
000-make all 
000-make --no-print-directory pre-build
000-a9-linaro-pre-build-step
000-' '
000-make --no-print-directory main-build
000-'Building file: ../src/vga_test.c'
000-'Invoking: ARM v7 gcc compiler'
000-arm-none-eabi-gcc -Wall -O0 -g3 -c -fmessage-length=0 -MT"src/vga_test.o" -mcpu=cortex-a9 -mfpu=vfpv3 -mfloat-abi=hard -IX:/cpre488/Labs/MP-0/vitus/MP0_wrapper/export/MP0_wrapper/sw/MP0_wrapper/domain_ps7_cortexa9_0/bspinclude/include -MMD -MP -MF"src/vga_test.d" -MT"src/vga_test.o" -o "src/vga_test.o" "../src/vga_test.c"
000-In file included from X:/cpre488/Labs/MP-0/vitus/MP0_wrapper/export/MP0_wrapper/sw/MP0_wrapper/domain_ps7_cortexa9_0/bspinclude/include/xaxivdma.h:293,
000-                 from ../src/vga_test.c:24:
000-../src/vga_test.c: In function 'main':
000/MP0_wrapper/export/MP0_wrapper/sw/MP0_wrapper/domain_ps7_cortexa9_0/bspinclude/include/xaxivdma_hw.h344-1-1passing argument 2 of 'Xil_Out32' makes integer from pointer without a cast [-Wint-conversion]1-X:/cpre488/Labs/MP-0/vitus/MP0_wrapper/export/MP0_wrapper/sw/MP0_wrapper/domain_ps7_cortexa9_0/bspinclude/include/xaxivdma_hw.h:344:49: warning: passing argument 2 of 'Xil_Out32' makes integer from pointer without a cast [-Wint-conversion]
000-  344 |     XAxiVdma_Out32((BaseAddress) + (RegOffset), (Data))
000-      |                                                 ^~~~~~
000-      |                                                 |
000-      |                                                 u16 (*)[640] {aka short unsigned int (*)[640]}
000/MP0/src/vga_test.c75-1-1in expansion of macro 'XAxiVdma_WriteReg'0-../src/vga_test.c:75:5: note: in expansion of macro 'XAxiVdma_WriteReg'
000-   75 |     XAxiVdma_WriteReg(XPAR_AXI_VDMA_0_BASEADDR, XAXIVDMA_MM2S_ADDR_OFFSET + XAXIVDMA_START_ADDR_OFFSET, test_image);  // Read Channel: VDMA MM2S Frame buffer Start Addr 1
000-      |     ^~~~~~~~~~~~~~~~~
000-In file included from X:/cpre488/Labs/MP-0/vitus/MP0_wrapper/export/MP0_wrapper/sw/MP0_wrapper/domain_ps7_cortexa9_0/bspinclude/include/xvtc_hw.h:142,
000-                 from X:/cpre488/Labs/MP-0/vitus/MP0_wrapper/export/MP0_wrapper/sw/MP0_wrapper/domain_ps7_cortexa9_0/bspinclude/include/xvtc.h:290,
000-                 from ../src/vga_test.c:23:
000/MP0_wrapper/export/MP0_wrapper/sw/MP0_wrapper/domain_ps7_cortexa9_0/bspinclude/include/xil_io.h200-1-1expected 'u32' {aka 'long unsigned int'} but argument is of type 'u16 (*)[640]' {aka 'short unsigned int (*)[640]'}0-X:/cpre488/Labs/MP-0/vitus/MP0_wrapper/export/MP0_wrapper/sw/MP0_wrapper/domain_ps7_cortexa9_0/bspinclude/include/xil_io.h:200:48: note: expected 'u32' {aka 'long unsigned int'} but argument is of type 'u16 (*)[640]' {aka 'short unsigned int (*)[640]'}
000-  200 | static INLINE void Xil_Out32(UINTPTR Addr, u32 Value)
000-      |                                            ~~~~^~~~~
000-'Finished building: ../src/vga_test.c'
000-' '
000-'Building target: MP0.elf'
000-'Invoking: ARM v7 gcc linker'
000-arm-none-eabi-gcc -mcpu=cortex-a9 -mfpu=vfpv3 -mfloat-abi=hard -Wl,-build-id=none -specs=Xilinx.spec -Wl,-T -Wl,../src/lscript.ld -LX:/cpre488/Labs/MP-0/vitus/MP0_wrapper/export/MP0_wrapper/sw/MP0_wrapper/domain_ps7_cortexa9_0/bsplib/lib -o "MP0.elf"  ./src/helloworld.o ./src/platform.o ./src/vga_test.o ./src/xgpio_tapp_example.o   -Wl,--start-group,-lxil,-lgcc,-lc,--end-group
000-'Finished building target: MP0.elf'
000-' '
000-'Invoking: ARM v7 Print Size'
000-arm-none-eabi-size MP0.elf  |tee "MP0.elf.size"
000-   text	   data	    bss	    dec	    hex	filename
000-  36656	   1200	 637016	 674872	  a4c38	MP0.elf
000-'Finished building: MP0.elf.size'
000-' '
00255-
15:40:21 Build Finished (took 1s.61ms)

