Copyright 1986-2020 Xilinx, Inc. All Rights Reserved.
------------------------------------------------------------------------------------
| Tool Version : Vivado v.2020.1 (win64) Build 2902540 Wed May 27 19:54:49 MDT 2020
| Date         : Sun Feb 22 03:35:17 2026
| Host         : CO2041-15 running 64-bit major release  (build 9200)
| Command      : upgrade_ip
| Device       : xc7z020clg484-1
------------------------------------------------------------------------------------

Upgrade Log for IP 'mp1block_axi_ppm_0_0'

1. Summary
----------

SUCCESS in the upgrade of mp1block_axi_ppm_0_0 (iastate.edu:user:axi_ppm:1.0) from (Rev. 38) to (Rev. 39)






Copyright 1986-2020 Xilinx, Inc. All Rights Reserved.
------------------------------------------------------------------------------------
| Tool Version : Vivado v.2020.1 (win64) Build 2902540 Wed May 27 19:54:49 MDT 2020
| Date         : Sun Feb 22 03:23:50 2026
| Host         : CO2041-15 running 64-bit major release  (build 9200)
| Command      : upgrade_ip
| Device       : xc7z020clg484-1
------------------------------------------------------------------------------------

Upgrade Log for IP 'mp1block_axi_ppm_0_0'

1. Summary
----------

SUCCESS in the upgrade of mp1block_axi_ppm_0_0 (iastate.edu:user:axi_ppm:1.0) from (Rev. 37) to (Rev. 38)






Copyright 1986-2020 Xilinx, Inc. All Rights Reserved.
------------------------------------------------------------------------------------
| Tool Version : Vivado v.2020.1 (win64) Build 2902540 Wed May 27 19:54:49 MDT 2020
| Date         : Sun Feb 22 03:03:57 2026
| Host         : CO2041-15 running 64-bit major release  (build 9200)
| Command      : upgrade_ip
| Device       : xc7z020clg484-1
------------------------------------------------------------------------------------

Upgrade Log for IP 'mp1block_axi_ppm_0_0'

1. Summary
----------

SUCCESS in the upgrade of mp1block_axi_ppm_0_0 (iastate.edu:user:axi_ppm:1.0) from (Rev. 36) to (Rev. 37)






Copyright 1986-2020 Xilinx, Inc. All Rights Reserved.
------------------------------------------------------------------------------------
| Tool Version : Vivado v.2020.1 (win64) Build 2902540 Wed May 27 19:54:49 MDT 2020
| Date         : Sun Feb 22 03:00:14 2026
| Host         : CO2041-15 running 64-bit major release  (build 9200)
| Command      : upgrade_ip
| Device       : xc7z020clg484-1
------------------------------------------------------------------------------------

Upgrade Log for IP 'mp1block_axi_ppm_0_0'

1. Summary
----------

SUCCESS in the upgrade of mp1block_axi_ppm_0_0 (iastate.edu:user:axi_ppm:1.0) from (Rev. 34) to (Rev. 36)






Copyright 1986-2020 Xilinx, Inc. All Rights Reserved.
------------------------------------------------------------------------------------
| Tool Version : Vivado v.2020.1 (win64) Build 2902540 Wed May 27 19:54:49 MDT 2020
| Date         : Sun Feb 22 02:42:12 2026
| Host         : CO2041-15 running 64-bit major release  (build 9200)
| Command      : upgrade_ip
| Device       : xc7z020clg484-1
------------------------------------------------------------------------------------

Upgrade Log for IP 'mp1block_axi_ppm_0_0'

1. Summary
----------

SUCCESS in the upgrade of mp1block_axi_ppm_0_0 (iastate.edu:user:axi_ppm:1.0) from (Rev. 33) to (Rev. 34)






Copyright 1986-2020 Xilinx, Inc. All Rights Reserved.
------------------------------------------------------------------------------------
| Tool Version : Vivado v.2020.1 (win64) Build 2902540 Wed May 27 19:54:49 MDT 2020
| Date         : Sun Feb 22 02:35:46 2026
| Host         : CO2041-15 running 64-bit major release  (build 9200)
| Command      : upgrade_ip
| Device       : xc7z020clg484-1
------------------------------------------------------------------------------------

Upgrade Log for IP 'mp1block_axi_ppm_0_0'

1. Summary
----------

SUCCESS in the upgrade of mp1block_axi_ppm_0_0 (iastate.edu:user:axi_ppm:1.0) from (Rev. 32) to (Rev. 33)






Copyright 1986-2020 Xilinx, Inc. All Rights Reserved.
------------------------------------------------------------------------------------
| Tool Version : Vivado v.2020.1 (win64) Build 2902540 Wed May 27 19:54:49 MDT 2020
| Date         : Sun Feb 22 02:22:19 2026
| Host         : CO2041-15 running 64-bit major release  (build 9200)
| Command      : upgrade_ip
| Device       : xc7z020clg484-1
------------------------------------------------------------------------------------

Upgrade Log for IP 'mp1block_axi_ppm_0_0'

1. Summary
----------

SUCCESS in the upgrade of mp1block_axi_ppm_0_0 (iastate.edu:user:axi_ppm:1.0) from (Rev. 31) to (Rev. 32)






Copyright 1986-2020 Xilinx, Inc. All Rights Reserved.
------------------------------------------------------------------------------------
| Tool Version : Vivado v.2020.1 (win64) Build 2902540 Wed May 27 19:54:49 MDT 2020
| Date         : Sun Feb 22 02:19:58 2026
| Host         : CO2041-15 running 64-bit major release  (build 9200)
| Command      : upgrade_ip
| Device       : xc7z020clg484-1
------------------------------------------------------------------------------------

Upgrade Log for IP 'mp1block_axi_ppm_0_0'

1. Summary
----------

SUCCESS in the upgrade of mp1block_axi_ppm_0_0 (iastate.edu:user:axi_ppm:1.0) from (Rev. 30) to (Rev. 31)






Copyright 1986-2020 Xilinx, Inc. All Rights Reserved.
------------------------------------------------------------------------------------
| Tool Version : Vivado v.2020.1 (win64) Build 2902540 Wed May 27 19:54:49 MDT 2020
| Date         : Sun Feb 22 02:16:53 2026
| Host         : CO2041-15 running 64-bit major release  (build 9200)
| Command      : upgrade_ip
| Device       : xc7z020clg484-1
------------------------------------------------------------------------------------

Upgrade Log for IP 'mp1block_axi_ppm_0_0'

1. Summary
----------

SUCCESS in the conversion of mp1block_axi_ppm_0_0 (iastate.edu:user:axi_ppm:1.0 (Rev. 30)) to Vivado generation flows.






Copyright 1986-2020 Xilinx, Inc. All Rights Reserved.
------------------------------------------------------------------------------------
| Tool Version : Vivado v.2020.1 (win64) Build 2902540 Wed May 27 19:54:49 MDT 2020
| Date         : Sun Feb 22 02:08:01 2026
| Host         : CO2041-15 running 64-bit major release  (build 9200)
| Command      : upgrade_ip
| Device       : xc7z020clg484-1
------------------------------------------------------------------------------------

Upgrade Log for IP 'mp1block_axi_ppm_0_0'

1. Summary
----------

SUCCESS in the upgrade of mp1block_axi_ppm_0_0 (iastate.edu:user:axi_ppm:1.0) from (Rev. 29) to (Rev. 30)






Copyright 1986-2020 Xilinx, Inc. All Rights Reserved.
------------------------------------------------------------------------------------
| Tool Version : Vivado v.2020.1 (win64) Build 2902540 Wed May 27 19:54:49 MDT 2020
| Date         : Sun Feb 22 02:06:35 2026
| Host         : CO2041-15 running 64-bit major release  (build 9200)
| Command      : upgrade_ip
| Device       : xc7z020clg484-1
------------------------------------------------------------------------------------

Upgrade Log for IP 'mp1block_axi_ppm_0_0'

1. Summary
----------

SUCCESS in the upgrade of mp1block_axi_ppm_0_0 (iastate.edu:user:axi_ppm:1.0) from (Rev. 28) to (Rev. 29)






Copyright 1986-2020 Xilinx, Inc. All Rights Reserved.
------------------------------------------------------------------------------------
| Tool Version : Vivado v.2020.1 (win64) Build 2902540 Wed May 27 19:54:49 MDT 2020
| Date         : Sun Feb 22 01:45:57 2026
| Host         : CO2041-15 running 64-bit major release  (build 9200)
| Command      : upgrade_ip
| Device       : xc7z020clg484-1
------------------------------------------------------------------------------------

Upgrade Log for IP 'mp1block_axi_ppm_0_0'

1. Summary
----------

SUCCESS in the upgrade of mp1block_axi_ppm_0_0 (iastate.edu:user:axi_ppm:1.0) from (Rev. 27) to (Rev. 28)






Copyright 1986-2020 Xilinx, Inc. All Rights Reserved.
------------------------------------------------------------------------------------
| Tool Version : Vivado v.2020.1 (win64) Build 2902540 Wed May 27 19:54:49 MDT 2020
| Date         : Sat Feb 21 23:25:13 2026
| Host         : CO2041-15 running 64-bit major release  (build 9200)
| Command      : upgrade_ip
| Device       : xc7z020clg484-1
------------------------------------------------------------------------------------

Upgrade Log for IP 'mp1block_axi_ppm_0_0'

1. Summary
----------

SUCCESS in the upgrade of mp1block_axi_ppm_0_0 (iastate.edu:user:axi_ppm:1.0) from (Rev. 26) to (Rev. 27)






Copyright 1986-2020 Xilinx, Inc. All Rights Reserved.
------------------------------------------------------------------------------------
| Tool Version : Vivado v.2020.1 (win64) Build 2902540 Wed May 27 19:54:49 MDT 2020
| Date         : Sat Feb 21 23:15:18 2026
| Host         : CO2041-15 running 64-bit major release  (build 9200)
| Command      : upgrade_ip
| Device       : xc7z020clg484-1
------------------------------------------------------------------------------------

Upgrade Log for IP 'mp1block_axi_ppm_0_0'

1. Summary
----------

SUCCESS in the upgrade of mp1block_axi_ppm_0_0 (iastate.edu:user:axi_ppm:1.0) from (Rev. 25) to (Rev. 26)






Copyright 1986-2020 Xilinx, Inc. All Rights Reserved.
------------------------------------------------------------------------------------
| Tool Version : Vivado v.2020.1 (win64) Build 2902540 Wed May 27 19:54:49 MDT 2020
| Date         : Sat Feb 21 23:01:16 2026
| Host         : CO2041-15 running 64-bit major release  (build 9200)
| Command      : upgrade_ip
| Device       : xc7z020clg484-1
------------------------------------------------------------------------------------

Upgrade Log for IP 'mp1block_axi_ppm_0_0'

1. Summary
----------

SUCCESS in the upgrade of mp1block_axi_ppm_0_0 (iastate.edu:user:axi_ppm:1.0) from (Rev. 24) to (Rev. 25)






Copyright 1986-2020 Xilinx, Inc. All Rights Reserved.
------------------------------------------------------------------------------------
| Tool Version : Vivado v.2020.1 (win64) Build 2902540 Wed May 27 19:54:49 MDT 2020
| Date         : Sat Feb 21 22:45:46 2026
| Host         : CO2041-15 running 64-bit major release  (build 9200)
| Command      : upgrade_ip
| Device       : xc7z020clg484-1
------------------------------------------------------------------------------------

Upgrade Log for IP 'mp1block_axi_ppm_0_0'

1. Summary
----------

SUCCESS in the upgrade of mp1block_axi_ppm_0_0 (iastate.edu:user:axi_ppm:1.0) from (Rev. 23) to (Rev. 24)






Copyright 1986-2020 Xilinx, Inc. All Rights Reserved.
------------------------------------------------------------------------------------
| Tool Version : Vivado v.2020.1 (win64) Build 2902540 Wed May 27 19:54:49 MDT 2020
| Date         : Sat Feb 21 22:36:01 2026
| Host         : CO2041-15 running 64-bit major release  (build 9200)
| Command      : upgrade_ip
| Device       : xc7z020clg484-1
------------------------------------------------------------------------------------

Upgrade Log for IP 'mp1block_axi_ppm_0_0'

1. Summary
----------

SUCCESS in the upgrade of mp1block_axi_ppm_0_0 (iastate.edu:user:axi_ppm:1.0) from (Rev. 22) to (Rev. 23)






Copyright 1986-2020 Xilinx, Inc. All Rights Reserved.
------------------------------------------------------------------------------------
| Tool Version : Vivado v.2020.1 (win64) Build 2902540 Wed May 27 19:54:49 MDT 2020
| Date         : Sat Feb 21 22:09:00 2026
| Host         : CO2041-15 running 64-bit major release  (build 9200)
| Command      : upgrade_ip
| Device       : xc7z020clg484-1
------------------------------------------------------------------------------------

Upgrade Log for IP 'mp1block_axi_ppm_0_0'

1. Summary
----------

SUCCESS in the upgrade of mp1block_axi_ppm_0_0 (iastate.edu:user:axi_ppm:1.0) from (Rev. 21) to (Rev. 22)






Copyright 1986-2020 Xilinx, Inc. All Rights Reserved.
------------------------------------------------------------------------------------
| Tool Version : Vivado v.2020.1 (win64) Build 2902540 Wed May 27 19:54:49 MDT 2020
| Date         : Sat Feb 21 20:43:22 2026
| Host         : CO2041-15 running 64-bit major release  (build 9200)
| Command      : upgrade_ip
| Device       : xc7z020clg484-1
------------------------------------------------------------------------------------

Upgrade Log for IP 'mp1block_axi_ppm_0_0'

1. Summary
----------

SUCCESS in the conversion of mp1block_axi_ppm_0_0 (iastate.edu:user:axi_ppm:1.0 (Rev. 21)) to Vivado generation flows.






Copyright 1986-2020 Xilinx, Inc. All Rights Reserved.
------------------------------------------------------------------------------------
| Tool Version : Vivado v.2020.1 (win64) Build 2902540 Wed May 27 19:54:49 MDT 2020
| Date         : Sat Feb 21 20:27:02 2026
| Host         : CO2041-15 running 64-bit major release  (build 9200)
| Command      : upgrade_ip
| Device       : xc7z020clg484-1
------------------------------------------------------------------------------------

Upgrade Log for IP 'mp1block_axi_ppm_0_0'

1. Summary
----------

SUCCESS in the upgrade of mp1block_axi_ppm_0_0 (iastate.edu:user:axi_ppm:1.0) from (Rev. 20) to (Rev. 21)






Copyright 1986-2020 Xilinx, Inc. All Rights Reserved.
------------------------------------------------------------------------------------
| Tool Version : Vivado v.2020.1 (win64) Build 2902540 Wed May 27 19:54:49 MDT 2020
| Date         : Sat Feb 21 20:23:33 2026
| Host         : CO2041-15 running 64-bit major release  (build 9200)
| Command      : upgrade_ip
| Device       : xc7z020clg484-1
------------------------------------------------------------------------------------

Upgrade Log for IP 'mp1block_axi_ppm_0_0'

1. Summary
----------

SUCCESS in the upgrade of mp1block_axi_ppm_0_0 (iastate.edu:user:axi_ppm:1.0) from (Rev. 19) to (Rev. 20)






Copyright 1986-2020 Xilinx, Inc. All Rights Reserved.
------------------------------------------------------------------------------------
| Tool Version : Vivado v.2020.1 (win64) Build 2902540 Wed May 27 19:54:49 MDT 2020
| Date         : Sat Feb 21 20:11:56 2026
| Host         : CO2041-15 running 64-bit major release  (build 9200)
| Command      : upgrade_ip
| Device       : xc7z020clg484-1
------------------------------------------------------------------------------------

Upgrade Log for IP 'mp1block_axi_ppm_0_0'

1. Summary
----------

SUCCESS in the upgrade of mp1block_axi_ppm_0_0 (iastate.edu:user:axi_ppm:1.0) from (Rev. 17) to (Rev. 19)






Copyright 1986-2020 Xilinx, Inc. All Rights Reserved.
------------------------------------------------------------------------------------
| Tool Version : Vivado v.2020.1 (win64) Build 2902540 Wed May 27 19:54:49 MDT 2020
| Date         : Sat Feb 21 20:08:45 2026
| Host         : CO2041-15 running 64-bit major release  (build 9200)
| Command      : upgrade_ip
| Device       : xc7z020clg484-1
------------------------------------------------------------------------------------

Upgrade Log for IP 'mp1block_axi_ppm_0_0'

1. Summary
----------

SUCCESS in the upgrade of mp1block_axi_ppm_0_0 (iastate.edu:user:axi_ppm:1.0) from (Rev. 16) to (Rev. 17)






Copyright 1986-2020 Xilinx, Inc. All Rights Reserved.
------------------------------------------------------------------------------------
| Tool Version : Vivado v.2020.1 (win64) Build 2902540 Wed May 27 19:54:49 MDT 2020
| Date         : Sat Feb 21 19:57:15 2026
| Host         : CO2041-15 running 64-bit major release  (build 9200)
| Command      : upgrade_ip
| Device       : xc7z020clg484-1
------------------------------------------------------------------------------------

Upgrade Log for IP 'mp1block_axi_ppm_0_0'

1. Summary
----------

SUCCESS in the upgrade of mp1block_axi_ppm_0_0 (iastate.edu:user:axi_ppm:1.0) from (Rev. 15) to (Rev. 16)






Copyright 1986-2020 Xilinx, Inc. All Rights Reserved.
------------------------------------------------------------------------------------
| Tool Version : Vivado v.2020.1 (win64) Build 2902540 Wed May 27 19:54:49 MDT 2020
| Date         : Sat Feb 21 19:44:27 2026
| Host         : CO2041-15 running 64-bit major release  (build 9200)
| Command      : upgrade_ip
| Device       : xc7z020clg484-1
------------------------------------------------------------------------------------

Upgrade Log for IP 'mp1block_axi_ppm_0_0'

1. Summary
----------

SUCCESS in the upgrade of mp1block_axi_ppm_0_0 (iastate.edu:user:axi_ppm:1.0) from (Rev. 14) to (Rev. 15)






Copyright 1986-2020 Xilinx, Inc. All Rights Reserved.
------------------------------------------------------------------------------------
| Tool Version : Vivado v.2020.1 (win64) Build 2902540 Wed May 27 19:54:49 MDT 2020
| Date         : Sat Feb 21 19:42:14 2026
| Host         : CO2041-15 running 64-bit major release  (build 9200)
| Command      : upgrade_ip
| Device       : xc7z020clg484-1
------------------------------------------------------------------------------------

Upgrade Log for IP 'mp1block_axi_ppm_0_0'

1. Summary
----------

SUCCESS in the upgrade of mp1block_axi_ppm_0_0 (iastate.edu:user:axi_ppm:1.0) from (Rev. 13) to (Rev. 14)






Copyright 1986-2020 Xilinx, Inc. All Rights Reserved.
------------------------------------------------------------------------------------
| Tool Version : Vivado v.2020.1 (win64) Build 2902540 Wed May 27 19:54:49 MDT 2020
| Date         : Sat Feb 21 19:25:53 2026
| Host         : CO2041-15 running 64-bit major release  (build 9200)
| Command      : upgrade_ip
| Device       : xc7z020clg484-1
------------------------------------------------------------------------------------

Upgrade Log for IP 'mp1block_axi_ppm_0_0'

1. Summary
----------

SUCCESS in the upgrade of mp1block_axi_ppm_0_0 (iastate.edu:user:axi_ppm:1.0) from (Rev. 12) to (Rev. 13)






Copyright 1986-2020 Xilinx, Inc. All Rights Reserved.
------------------------------------------------------------------------------------
| Tool Version : Vivado v.2020.1 (win64) Build 2902540 Wed May 27 19:54:49 MDT 2020
| Date         : Sat Feb 21 19:15:29 2026
| Host         : CO2041-15 running 64-bit major release  (build 9200)
| Command      : upgrade_ip
| Device       : xc7z020clg484-1
------------------------------------------------------------------------------------

Upgrade Log for IP 'mp1block_axi_ppm_0_0'

1. Summary
----------

SUCCESS in the upgrade of mp1block_axi_ppm_0_0 (iastate.edu:user:axi_ppm:1.0) from (Rev. 11) to (Rev. 12)






Copyright 1986-2020 Xilinx, Inc. All Rights Reserved.
------------------------------------------------------------------------------------
| Tool Version : Vivado v.2020.1 (win64) Build 2902540 Wed May 27 19:54:49 MDT 2020
| Date         : Sat Feb 21 18:46:43 2026
| Host         : CO2041-15 running 64-bit major release  (build 9200)
| Command      : upgrade_ip
| Device       : xc7z020clg484-1
------------------------------------------------------------------------------------

Upgrade Log for IP 'mp1block_axi_ppm_0_0'

1. Summary
----------

SUCCESS in the upgrade of mp1block_axi_ppm_0_0 (iastate.edu:user:axi_ppm:1.0) from (Rev. 10) to (Rev. 11)






Copyright 1986-2020 Xilinx, Inc. All Rights Reserved.
------------------------------------------------------------------------------------
| Tool Version : Vivado v.2020.1 (win64) Build 2902540 Wed May 27 19:54:49 MDT 2020
| Date         : Sat Feb 21 18:13:02 2026
| Host         : CO2041-15 running 64-bit major release  (build 9200)
| Command      : upgrade_ip
| Device       : xc7z020clg484-1
------------------------------------------------------------------------------------

Upgrade Log for IP 'mp1block_axi_ppm_0_0'

1. Summary
----------

SUCCESS in the upgrade of mp1block_axi_ppm_0_0 (iastate.edu:user:axi_ppm:1.0) from (Rev. 9) to (Rev. 10)






Copyright 1986-2020 Xilinx, Inc. All Rights Reserved.
------------------------------------------------------------------------------------
| Tool Version : Vivado v.2020.1 (win64) Build 2902540 Wed May 27 19:54:49 MDT 2020
| Date         : Sat Feb 21 17:54:11 2026
| Host         : CO2041-15 running 64-bit major release  (build 9200)
| Command      : upgrade_ip
| Device       : xc7z020clg484-1
------------------------------------------------------------------------------------

Upgrade Log for IP 'mp1block_axi_ppm_0_0'

1. Summary
----------

SUCCESS in the upgrade of mp1block_axi_ppm_0_0 (iastate.edu:user:axi_ppm:1.0) from (Rev. 8) to (Rev. 9)






Copyright 1986-2020 Xilinx, Inc. All Rights Reserved.
------------------------------------------------------------------------------------
| Tool Version : Vivado v.2020.1 (win64) Build 2902540 Wed May 27 19:54:49 MDT 2020
| Date         : Sat Feb 21 17:38:45 2026
| Host         : CO2041-15 running 64-bit major release  (build 9200)
| Command      : upgrade_ip
| Device       : xc7z020clg484-1
------------------------------------------------------------------------------------

Upgrade Log for IP 'mp1block_axi_ppm_0_0'

1. Summary
----------

SUCCESS in the upgrade of mp1block_axi_ppm_0_0 (iastate.edu:user:axi_ppm:1.0) from (Rev. 7) to (Rev. 8)






Copyright 1986-2020 Xilinx, Inc. All Rights Reserved.
------------------------------------------------------------------------------------
| Tool Version : Vivado v.2020.1 (win64) Build 2902540 Wed May 27 19:54:49 MDT 2020
| Date         : Sat Feb 21 17:36:39 2026
| Host         : CO2041-15 running 64-bit major release  (build 9200)
| Command      : upgrade_ip
| Device       : xc7z020clg484-1
------------------------------------------------------------------------------------

Upgrade Log for IP 'mp1block_axi_ppm_0_0'

1. Summary
----------

SUCCESS in the upgrade of mp1block_axi_ppm_0_0 (iastate.edu:user:axi_ppm:1.0) from (Rev. 6) to (Rev. 7)






Copyright 1986-2020 Xilinx, Inc. All Rights Reserved.
------------------------------------------------------------------------------------
| Tool Version : Vivado v.2020.1 (win64) Build 2902540 Wed May 27 19:54:49 MDT 2020
| Date         : Sat Feb 21 17:07:36 2026
| Host         : CO2041-15 running 64-bit major release  (build 9200)
| Command      : upgrade_ip
| Device       : xc7z020clg484-1
------------------------------------------------------------------------------------

Upgrade Log for IP 'mp1block_axi_ppm_0_0'

1. Summary
----------

SUCCESS in the upgrade of mp1block_axi_ppm_0_0 (iastate.edu:user:axi_ppm:1.0) from (Rev. 5) to (Rev. 6)






Copyright 1986-2020 Xilinx, Inc. All Rights Reserved.
------------------------------------------------------------------------------------
| Tool Version : Vivado v.2020.1 (win64) Build 2902540 Wed May 27 19:54:49 MDT 2020
| Date         : Sat Feb 21 17:03:14 2026
| Host         : CO2041-15 running 64-bit major release  (build 9200)
| Command      : upgrade_ip
| Device       : xc7z020clg484-1
------------------------------------------------------------------------------------

Upgrade Log for IP 'mp1block_axi_ppm_0_0'

1. Summary
----------

SUCCESS in the upgrade of mp1block_axi_ppm_0_0 (iastate.edu:user:axi_ppm:1.0) from (Rev. 4) to (Rev. 5)






Copyright 1986-2020 Xilinx, Inc. All Rights Reserved.
------------------------------------------------------------------------------------
| Tool Version : Vivado v.2020.1 (win64) Build 2902540 Wed May 27 19:54:49 MDT 2020
| Date         : Sat Feb 21 16:52:07 2026
| Host         : CO2041-15 running 64-bit major release  (build 9200)
| Command      : upgrade_ip
| Device       : xc7z020clg484-1
------------------------------------------------------------------------------------

Upgrade Log for IP 'mp1block_axi_ppm_0_0'

1. Summary
----------

SUCCESS in the upgrade of mp1block_axi_ppm_0_0 (iastate.edu:user:axi_ppm:1.0) from (Rev. 3) to (Rev. 4)






Copyright 1986-2020 Xilinx, Inc. All Rights Reserved.
------------------------------------------------------------------------------------
| Tool Version : Vivado v.2020.1 (win64) Build 2902540 Wed May 27 19:54:49 MDT 2020
| Date         : Sat Feb 21 16:51:30 2026
| Host         : CO2041-15 running 64-bit major release  (build 9200)
| Command      : upgrade_ip
| Device       : xc7z020clg484-1
------------------------------------------------------------------------------------

Upgrade Log for IP 'mp1block_axi_ppm_0_0'

1. Summary
----------

CAUTION (success, with warnings) in the upgrade of mp1block_axi_ppm_0_0 (iastate.edu:user:axi_ppm:1.0) from (Rev. 1) to (Rev. 3)

After upgrade, an IP may have parameter and port differences compared to the original customization. Please review the parameters within the IP customization GUI to ensure proper functionality. Also, please review the updated IP instantiation template to ensure proper connectivity, and update your design if required.

2. Connection Warnings
----------------------

Detected external port differences while upgrading 'mp1block_axi_ppm_0_0'. These changes may impact your design.


-Upgrade has added port 's00_axi_ppm_in'

-Upgrade has added port 's00_axi_ppm_out'


