17:27:30 INFO  : Launching XSCT server: xsct.bat -n  -interactive X:\cpre488\Labs\MP-0\vitus\temp_xsdb_launch_script.tcl
17:27:30 INFO  : Registering command handlers for Vitis TCF services
17:27:31 INFO  : XSCT server has started successfully.
17:27:31 INFO  : Successfully done setting XSCT server connection channel  
17:27:31 INFO  : Platform repository initialization has completed.
17:27:31 INFO  : Successfully done setting workspace for the tool. 
17:27:31 INFO  : Successfully done query RDI_DATADIR 
17:27:31 INFO  : plnx-install-location is set to ''
17:30:04 INFO  : Result from executing command 'getProjects': MP0_wrapper
17:30:04 INFO  : Result from executing command 'getPlatforms': 
17:30:05 INFO  : Platform 'MP0_wrapper' is added to custom repositories.
17:30:12 INFO  : Platform 'MP0_wrapper' is added to custom repositories.
17:31:02 INFO  : Result from executing command 'getProjects': MP0_wrapper
17:31:02 INFO  : Result from executing command 'getPlatforms': MP0_wrapper|X:/cpre488/Labs/MP-0/vitus/MP0_wrapper/export/MP0_wrapper/MP0_wrapper.xpfm
17:31:03 INFO  : Checking for BSP changes to sync application flags for project 'MP_0'...
17:33:01 INFO  : Connected to target on host '127.0.0.1' and port '3121'.
17:33:01 INFO  : 'targets -set -filter {jtag_cable_name =~ "Digilent Zed 210248492833" && level==0 && jtag_device_ctx=="jsn-Zed-210248492833-23727093-0"}' command is executed.
17:33:04 INFO  : FPGA configured successfully with bitstream "X:/cpre488/Labs/MP-0/vitus/MP_0/_ide/bitstream/MP0_wrapper.bit"
17:37:35 INFO  : Connected to target on host '127.0.0.1' and port '3121'.
17:37:35 INFO  : Jtag cable 'Digilent Zed 210248492833' is selected.
17:37:35 INFO  : 'jtag frequency' command is executed.
17:37:35 INFO  : Context for 'APU' is selected.
17:37:35 INFO  : System reset is completed.
17:37:38 INFO  : 'after 3000' command is executed.
17:37:38 INFO  : 'targets -set -filter {jtag_cable_name =~ "Digilent Zed 210248492833" && level==0 && jtag_device_ctx=="jsn-Zed-210248492833-23727093-0"}' command is executed.
17:37:40 INFO  : FPGA configured successfully with bitstream "X:/cpre488/Labs/MP-0/vitus/MP_0/_ide/bitstream/MP0_wrapper.bit"
17:37:40 INFO  : Context for 'APU' is selected.
17:37:40 INFO  : Hardware design and registers information is loaded from 'X:/cpre488/Labs/MP-0/vitus/MP0_wrapper/export/MP0_wrapper/hw/MP0_wrapper.xsa'.
17:37:41 INFO  : 'configparams force-mem-access 1' command is executed.
17:37:41 INFO  : Context for 'APU' is selected.
17:37:41 INFO  : Sourcing of 'X:/cpre488/Labs/MP-0/vitus/MP_0/_ide/psinit/ps7_init.tcl' is done.
17:37:41 INFO  : 'ps7_init' command is executed.
17:37:41 INFO  : 'ps7_post_config' command is executed.
17:37:41 INFO  : Context for processor 'ps7_cortexa9_0' is selected.
17:37:41 INFO  : The application 'X:/cpre488/Labs/MP-0/vitus/MP_0/Debug/MP_0.elf' is downloaded to processor 'ps7_cortexa9_0'.
17:37:41 INFO  : 'configparams force-mem-access 0' command is executed.
17:37:41 INFO  : ----------------XSDB Script----------------
connect -url tcp:127.0.0.1:3121
targets -set -nocase -filter {name =~"APU*"}
rst -system
after 3000
targets -set -filter {jtag_cable_name =~ "Digilent Zed 210248492833" && level==0 && jtag_device_ctx=="jsn-Zed-210248492833-23727093-0"}
fpga -file X:/cpre488/Labs/MP-0/vitus/MP_0/_ide/bitstream/MP0_wrapper.bit
targets -set -nocase -filter {name =~"APU*"}
loadhw -hw X:/cpre488/Labs/MP-0/vitus/MP0_wrapper/export/MP0_wrapper/hw/MP0_wrapper.xsa -mem-ranges [list {0x40000000 0xbfffffff}] -regs
configparams force-mem-access 1
targets -set -nocase -filter {name =~"APU*"}
source X:/cpre488/Labs/MP-0/vitus/MP_0/_ide/psinit/ps7_init.tcl
ps7_init
ps7_post_config
targets -set -nocase -filter {name =~ "*A9*#0"}
dow X:/cpre488/Labs/MP-0/vitus/MP_0/Debug/MP_0.elf
configparams force-mem-access 0
----------------End of Script----------------

17:37:41 INFO  : Context for processor 'ps7_cortexa9_0' is selected.
17:37:41 INFO  : 'con' command is executed.
17:37:41 INFO  : ----------------XSDB Script (After Launch)----------------
targets -set -nocase -filter {name =~ "*A9*#0"}
con
----------------End of Script----------------

17:37:41 INFO  : Launch script is exported to file 'X:\cpre488\Labs\MP-0\vitus\.sdk\launch_scripts\single_application_debug\debugger_mp_0-default.tcl'
17:47:02 INFO  : Disconnected from the channel tcfchan#2.
17:47:21 INFO  : Launching XSCT server: xsct.bat -n  -interactive X:\cpre488\Labs\MP-0\vitus\temp_xsdb_launch_script.tcl
17:47:22 INFO  : XSCT server has started successfully.
17:47:22 INFO  : plnx-install-location is set to ''
17:47:22 INFO  : Successfully done setting XSCT server connection channel  
17:47:22 INFO  : Successfully done setting workspace for the tool. 
17:47:24 INFO  : Platform repository initialization has completed.
17:47:24 INFO  : Successfully done query RDI_DATADIR 
17:47:24 INFO  : Registering command handlers for Vitis TCF services
17:48:24 INFO  : Checking for BSP changes to sync application flags for project 'MP0'...
17:51:10 INFO  : Launching XSCT server: xsct.bat -n  -interactive X:\cpre488\Labs\MP-0\vitus\temp_xsdb_launch_script.tcl
17:51:11 INFO  : XSCT server has started successfully.
17:51:11 INFO  : plnx-install-location is set to ''
17:51:11 INFO  : Successfully done setting XSCT server connection channel  
17:51:11 INFO  : Successfully done setting workspace for the tool. 
17:51:13 INFO  : Platform repository initialization has completed.
17:51:13 INFO  : Registering command handlers for Vitis TCF services
17:51:13 INFO  : Successfully done query RDI_DATADIR 
17:52:48 INFO  : Connected to target on host '127.0.0.1' and port '3121'.
17:52:48 INFO  : Jtag cable 'Digilent Zed 210248492833' is selected.
17:52:48 INFO  : 'jtag frequency' command is executed.
17:52:48 INFO  : Context for 'APU' is selected.
17:52:48 INFO  : System reset is completed.
17:52:51 INFO  : 'after 3000' command is executed.
17:52:51 INFO  : 'targets -set -filter {jtag_cable_name =~ "Digilent Zed 210248492833" && level==0 && jtag_device_ctx=="jsn-Zed-210248492833-23727093-0"}' command is executed.
17:52:53 INFO  : FPGA configured successfully with bitstream "X:/cpre488/Labs/MP-0/vitus/MP_0/_ide/bitstream/MP0_wrapper.bit"
17:52:53 INFO  : Context for 'APU' is selected.
17:52:53 INFO  : Hardware design and registers information is loaded from 'X:/cpre488/Labs/MP-0/vitus/MP0_wrapper/export/MP0_wrapper/hw/MP0_wrapper.xsa'.
17:52:53 INFO  : 'configparams force-mem-access 1' command is executed.
17:52:53 INFO  : Context for 'APU' is selected.
17:52:53 INFO  : Sourcing of 'X:/cpre488/Labs/MP-0/vitus/MP_0/_ide/psinit/ps7_init.tcl' is done.
17:52:53 INFO  : 'ps7_init' command is executed.
17:52:54 INFO  : 'ps7_post_config' command is executed.
17:52:54 INFO  : Context for processor 'ps7_cortexa9_0' is selected.
17:52:54 INFO  : The application 'X:/cpre488/Labs/MP-0/vitus/MP_0/Debug/MP_0.elf' is downloaded to processor 'ps7_cortexa9_0'.
17:52:54 INFO  : 'configparams force-mem-access 0' command is executed.
17:52:54 INFO  : ----------------XSDB Script----------------
connect -url tcp:127.0.0.1:3121
targets -set -nocase -filter {name =~"APU*"}
rst -system
after 3000
targets -set -filter {jtag_cable_name =~ "Digilent Zed 210248492833" && level==0 && jtag_device_ctx=="jsn-Zed-210248492833-23727093-0"}
fpga -file X:/cpre488/Labs/MP-0/vitus/MP_0/_ide/bitstream/MP0_wrapper.bit
targets -set -nocase -filter {name =~"APU*"}
loadhw -hw X:/cpre488/Labs/MP-0/vitus/MP0_wrapper/export/MP0_wrapper/hw/MP0_wrapper.xsa -mem-ranges [list {0x40000000 0xbfffffff}] -regs
configparams force-mem-access 1
targets -set -nocase -filter {name =~"APU*"}
source X:/cpre488/Labs/MP-0/vitus/MP_0/_ide/psinit/ps7_init.tcl
ps7_init
ps7_post_config
targets -set -nocase -filter {name =~ "*A9*#0"}
dow X:/cpre488/Labs/MP-0/vitus/MP_0/Debug/MP_0.elf
configparams force-mem-access 0
----------------End of Script----------------

17:52:54 INFO  : Context for processor 'ps7_cortexa9_0' is selected.
17:52:54 INFO  : 'con' command is executed.
17:52:54 INFO  : ----------------XSDB Script (After Launch)----------------
targets -set -nocase -filter {name =~ "*A9*#0"}
con
----------------End of Script----------------

17:52:54 INFO  : Launch script is exported to file 'X:\cpre488\Labs\MP-0\vitus\.sdk\launch_scripts\single_application_debug\debugger_mp_0-default.tcl'
17:53:35 INFO  : Connected to target on host '127.0.0.1' and port '3121'.
17:53:35 INFO  : Jtag cable 'Digilent Zed 210248492833' is selected.
17:53:35 INFO  : 'jtag frequency' command is executed.
17:53:35 INFO  : Context for 'APU' is selected.
17:53:35 INFO  : System reset is completed.
17:53:38 INFO  : 'after 3000' command is executed.
17:53:39 INFO  : 'targets -set -filter {jtag_cable_name =~ "Digilent Zed 210248492833" && level==0 && jtag_device_ctx=="jsn-Zed-210248492833-23727093-0"}' command is executed.
17:53:41 INFO  : FPGA configured successfully with bitstream "X:/cpre488/Labs/MP-0/vitus/MP0/_ide/bitstream/MP0_wrapper.bit"
17:53:41 INFO  : Context for 'APU' is selected.
17:53:41 INFO  : Hardware design and registers information is loaded from 'X:/cpre488/Labs/MP-0/vitus/MP0_wrapper/export/MP0_wrapper/hw/MP0_wrapper.xsa'.
17:53:41 INFO  : 'configparams force-mem-access 1' command is executed.
17:53:41 INFO  : Context for 'APU' is selected.
17:53:41 INFO  : Sourcing of 'X:/cpre488/Labs/MP-0/vitus/MP0/_ide/psinit/ps7_init.tcl' is done.
17:53:41 INFO  : 'ps7_init' command is executed.
17:53:41 INFO  : 'ps7_post_config' command is executed.
17:53:41 INFO  : Context for processor 'ps7_cortexa9_0' is selected.
17:53:41 INFO  : The application 'X:/cpre488/Labs/MP-0/vitus/MP0/Debug/MP0.elf' is downloaded to processor 'ps7_cortexa9_0'.
17:53:41 INFO  : 'configparams force-mem-access 0' command is executed.
17:53:41 INFO  : ----------------XSDB Script----------------
connect -url tcp:127.0.0.1:3121
targets -set -nocase -filter {name =~"APU*"}
rst -system
after 3000
targets -set -filter {jtag_cable_name =~ "Digilent Zed 210248492833" && level==0 && jtag_device_ctx=="jsn-Zed-210248492833-23727093-0"}
fpga -file X:/cpre488/Labs/MP-0/vitus/MP0/_ide/bitstream/MP0_wrapper.bit
targets -set -nocase -filter {name =~"APU*"}
loadhw -hw X:/cpre488/Labs/MP-0/vitus/MP0_wrapper/export/MP0_wrapper/hw/MP0_wrapper.xsa -mem-ranges [list {0x40000000 0xbfffffff}] -regs
configparams force-mem-access 1
targets -set -nocase -filter {name =~"APU*"}
source X:/cpre488/Labs/MP-0/vitus/MP0/_ide/psinit/ps7_init.tcl
ps7_init
ps7_post_config
targets -set -nocase -filter {name =~ "*A9*#0"}
dow X:/cpre488/Labs/MP-0/vitus/MP0/Debug/MP0.elf
configparams force-mem-access 0
----------------End of Script----------------

17:53:41 INFO  : Context for processor 'ps7_cortexa9_0' is selected.
17:53:41 INFO  : 'con' command is executed.
17:53:41 INFO  : ----------------XSDB Script (After Launch)----------------
targets -set -nocase -filter {name =~ "*A9*#0"}
con
----------------End of Script----------------

17:53:41 INFO  : Launch script is exported to file 'X:\cpre488\Labs\MP-0\vitus\.sdk\launch_scripts\single_application_debug\systemdebugger_mp0_system_standalone.tcl'
17:59:55 INFO  : Checking for BSP changes to sync application flags for project 'MP0'...
17:59:58 ERROR : (XSDB Server)ERROR: [Hsi 55-1571] The design file X:/cpre488/Labs/MP-0/vitus/MP0_wrapper/export/MP0_wrapper/hw/MP0_wrapper.xsa is already opened

18:00:01 INFO  : Checking for BSP changes to sync application flags for project 'MP_0'...
18:00:03 ERROR : (XSDB Server)ERROR: [Hsi 55-1571] The design file X:/cpre488/Labs/MP-0/vitus/MP0_wrapper/export/MP0_wrapper/hw/MP0_wrapper.xsa is already opened

18:27:58 INFO  : Checking for BSP changes to sync application flags for project 'MP0'...
18:29:01 INFO  : Checking for BSP changes to sync application flags for project 'MP0'...
18:29:33 INFO  : Disconnected from the channel tcfchan#1.
18:29:39 WARN  : channel "tcfchan#1" closed
18:29:40 INFO  : Connected to target on host '127.0.0.1' and port '3121'.
18:29:40 INFO  : Jtag cable 'Digilent Zed 210248492833' is selected.
18:29:41 INFO  : 'jtag frequency' command is executed.
18:29:41 INFO  : Context for 'APU' is selected.
18:29:41 INFO  : System reset is completed.
18:29:44 INFO  : 'after 3000' command is executed.
18:29:44 INFO  : 'targets -set -filter {jtag_cable_name =~ "Digilent Zed 210248492833" && level==0 && jtag_device_ctx=="jsn-Zed-210248492833-23727093-0"}' command is executed.
18:29:46 INFO  : FPGA configured successfully with bitstream "X:/cpre488/Labs/MP-0/vitus/MP0/_ide/bitstream/MP0_wrapper.bit"
18:29:46 INFO  : Context for 'APU' is selected.
18:29:48 INFO  : Hardware design and registers information is loaded from 'X:/cpre488/Labs/MP-0/vitus/MP0_wrapper/export/MP0_wrapper/hw/MP0_wrapper.xsa'.
18:29:48 INFO  : 'configparams force-mem-access 1' command is executed.
18:29:48 INFO  : Context for 'APU' is selected.
18:29:48 INFO  : Sourcing of 'X:/cpre488/Labs/MP-0/vitus/MP0/_ide/psinit/ps7_init.tcl' is done.
18:29:48 INFO  : 'ps7_init' command is executed.
18:29:48 INFO  : 'ps7_post_config' command is executed.
18:29:48 INFO  : Context for processor 'ps7_cortexa9_0' is selected.
18:29:48 INFO  : The application 'X:/cpre488/Labs/MP-0/vitus/MP0/Debug/MP0.elf' is downloaded to processor 'ps7_cortexa9_0'.
18:29:48 INFO  : 'configparams force-mem-access 0' command is executed.
18:29:48 INFO  : ----------------XSDB Script----------------
connect -url tcp:127.0.0.1:3121
targets -set -nocase -filter {name =~"APU*"}
rst -system
after 3000
targets -set -filter {jtag_cable_name =~ "Digilent Zed 210248492833" && level==0 && jtag_device_ctx=="jsn-Zed-210248492833-23727093-0"}
fpga -file X:/cpre488/Labs/MP-0/vitus/MP0/_ide/bitstream/MP0_wrapper.bit
targets -set -nocase -filter {name =~"APU*"}
loadhw -hw X:/cpre488/Labs/MP-0/vitus/MP0_wrapper/export/MP0_wrapper/hw/MP0_wrapper.xsa -mem-ranges [list {0x40000000 0xbfffffff}] -regs
configparams force-mem-access 1
targets -set -nocase -filter {name =~"APU*"}
source X:/cpre488/Labs/MP-0/vitus/MP0/_ide/psinit/ps7_init.tcl
ps7_init
ps7_post_config
targets -set -nocase -filter {name =~ "*A9*#0"}
dow X:/cpre488/Labs/MP-0/vitus/MP0/Debug/MP0.elf
configparams force-mem-access 0
----------------End of Script----------------

18:29:49 INFO  : Context for processor 'ps7_cortexa9_0' is selected.
18:29:49 INFO  : 'con' command is executed.
18:29:49 INFO  : ----------------XSDB Script (After Launch)----------------
targets -set -nocase -filter {name =~ "*A9*#0"}
con
----------------End of Script----------------

18:29:49 INFO  : Launch script is exported to file 'X:\cpre488\Labs\MP-0\vitus\.sdk\launch_scripts\single_application_debug\systemdebugger_mp0_system_standalone.tcl'
18:30:29 INFO  : Checking for BSP changes to sync application flags for project 'MP0'...
18:30:32 INFO  : Disconnected from the channel tcfchan#4.
18:30:32 INFO  : Connected to target on host '127.0.0.1' and port '3121'.
18:30:32 INFO  : Jtag cable 'Digilent Zed 210248492833' is selected.
18:30:32 INFO  : 'jtag frequency' command is executed.
18:30:32 INFO  : Context for 'APU' is selected.
18:30:32 INFO  : System reset is completed.
18:30:35 INFO  : 'after 3000' command is executed.
18:30:35 INFO  : 'targets -set -filter {jtag_cable_name =~ "Digilent Zed 210248492833" && level==0 && jtag_device_ctx=="jsn-Zed-210248492833-23727093-0"}' command is executed.
18:30:37 INFO  : FPGA configured successfully with bitstream "X:/cpre488/Labs/MP-0/vitus/MP0/_ide/bitstream/MP0_wrapper.bit"
18:30:38 INFO  : Context for 'APU' is selected.
18:30:40 INFO  : Hardware design and registers information is loaded from 'X:/cpre488/Labs/MP-0/vitus/MP0_wrapper/export/MP0_wrapper/hw/MP0_wrapper.xsa'.
18:30:40 INFO  : 'configparams force-mem-access 1' command is executed.
18:30:40 INFO  : Context for 'APU' is selected.
18:30:40 INFO  : Sourcing of 'X:/cpre488/Labs/MP-0/vitus/MP0/_ide/psinit/ps7_init.tcl' is done.
18:30:40 INFO  : 'ps7_init' command is executed.
18:30:40 INFO  : 'ps7_post_config' command is executed.
18:30:40 INFO  : Context for processor 'ps7_cortexa9_0' is selected.
18:30:40 INFO  : The application 'X:/cpre488/Labs/MP-0/vitus/MP0/Debug/MP0.elf' is downloaded to processor 'ps7_cortexa9_0'.
18:30:40 INFO  : 'configparams force-mem-access 0' command is executed.
18:30:40 INFO  : ----------------XSDB Script----------------
connect -url tcp:127.0.0.1:3121
targets -set -nocase -filter {name =~"APU*"}
rst -system
after 3000
targets -set -filter {jtag_cable_name =~ "Digilent Zed 210248492833" && level==0 && jtag_device_ctx=="jsn-Zed-210248492833-23727093-0"}
fpga -file X:/cpre488/Labs/MP-0/vitus/MP0/_ide/bitstream/MP0_wrapper.bit
targets -set -nocase -filter {name =~"APU*"}
loadhw -hw X:/cpre488/Labs/MP-0/vitus/MP0_wrapper/export/MP0_wrapper/hw/MP0_wrapper.xsa -mem-ranges [list {0x40000000 0xbfffffff}] -regs
configparams force-mem-access 1
targets -set -nocase -filter {name =~"APU*"}
source X:/cpre488/Labs/MP-0/vitus/MP0/_ide/psinit/ps7_init.tcl
ps7_init
ps7_post_config
targets -set -nocase -filter {name =~ "*A9*#0"}
dow X:/cpre488/Labs/MP-0/vitus/MP0/Debug/MP0.elf
configparams force-mem-access 0
----------------End of Script----------------

18:30:40 INFO  : Context for processor 'ps7_cortexa9_0' is selected.
18:30:40 INFO  : 'con' command is executed.
18:30:40 INFO  : ----------------XSDB Script (After Launch)----------------
targets -set -nocase -filter {name =~ "*A9*#0"}
con
----------------End of Script----------------

18:30:40 INFO  : Launch script is exported to file 'X:\cpre488\Labs\MP-0\vitus\.sdk\launch_scripts\single_application_debug\systemdebugger_mp0_system_standalone.tcl'
