Nothing to build in platform 'MP0_wrapper'

Nothing to build in platform 'design_1_wrapper'

18:58:00 **** Incremental Build of configuration Debug for project NES_Bootloader ****
make all 
make --no-print-directory pre-build
a9-linaro-pre-build-step
' '
make --no-print-directory main-build
'Building file: ../src/nes_bootloader.c'
'Invoking: ARM v7 gcc compiler'
arm-none-eabi-gcc -Wall -O0 -g3 -IX:/cpre488/Labs/MP-0/vitus/design_1_wrapper/export/design_1_wrapper/sw/design_1_wrapper/domain_ps7_cortexa9_0/bspinclude/include -I"X:\cpre488\Labs\MP-0\vitus\NES_Bootloader\src" -I"X:\cpre488\Labs\MP-0\vitus\NES_Bootloader\src\NESCore" -I"X:\cpre488\Labs\MP-0\vitus\NES_Bootloader\src\xilsd" -c -fmessage-length=0 -MT"src/nes_bootloader.o" -mcpu=cortex-a9 -mfpu=vfpv3 -mfloat-abi=hard -MMD -MP -MF"src/nes_bootloader.d" -MT"src/nes_bootloader.o" -o "src/nes_bootloader.o" "../src/nes_bootloader.c"
../src/nes_bootloader.c: In function 'main':
../src/nes_bootloader.c:27:7: warning: unused variable 'bg' [-Wunused-variable]
   27 |  FIL *bg = NULL;
      |       ^~
../src/nes_bootloader.c:26:7: warning: unused variable 'fie' [-Wunused-variable]
   26 |  FIL *fie = NULL;
      |       ^~~
../src/nes_bootloader.c: In function 'menu_call':
../src/nes_bootloader.c:69:8: warning: unused variable 'j' [-Wunused-variable]
   69 |  int i,j = 0;
      |        ^
../src/nes_bootloader.c:69:6: warning: unused variable 'i' [-Wunused-variable]
   69 |  int i,j = 0;
      |      ^
../src/nes_bootloader.c:68:8: warning: unused variable 'buf' [-Wunused-variable]
   68 |  char* buf[82];
      |        ^~~
../src/nes_bootloader.c: In function 'nes_load':
../src/nes_bootloader.c:82:25: warning: pointer targets in passing argument 2 of 'nes_strncpy' differ in signedness [-Wpointer-sign]
   82 |  nes_strncpy(nes_fname, "supmario.nes", 15);
      |                         ^~~~~~~~~~~~~~
      |                         |
      |                         char *
In file included from ../src/nes_bootloader.h:29,
                 from ../src/nes_bootloader.c:19:
../src/utils.h:24:10: note: expected 'uint8_t *' {aka 'unsigned char *'} but argument is of type 'char *'
   24 | uint8_t *nes_strncpy(uint8_t *dest, uint8_t *src, uint8_t n);
      |          ^~~~~~~~~~~
../src/nes_bootloader.c:92:27: warning: pointer targets in passing argument 1 of 'NESCore_LoadROM' differ in signedness [-Wpointer-sign]
   92 |  result = NESCore_LoadROM(nes_fname);
      |                           ^~~~~~~~~
      |                           |
      |                           uint8_t * {aka unsigned char *}
In file included from ../src/nes_bootloader.c:20:
X:\cpre488\Labs\MP-0\vitus\NES_Bootloader\src\NESCore/NESCore.h:298:33: note: expected 'const char *' but argument is of type 'uint8_t *' {aka 'unsigned char *'}
  298 | int NESCore_LoadROM(const char *fileName);
      |                     ~~~~~~~~~~~~^~~~~~~~
../src/nes_bootloader.c: In function 'xil_init':
../src/nes_bootloader.c:137:10: warning: unused variable 'Status' [-Wunused-variable]
  137 |  XStatus Status = XST_SUCCESS;
      |          ^~~~~~
'Finished building: ../src/nes_bootloader.c'
' '
'Building target: NES_Bootloader.elf'
'Invoking: ARM v7 gcc linker'
arm-none-eabi-gcc -mcpu=cortex-a9 -mfpu=vfpv3 -mfloat-abi=hard -Wl,-build-id=none -specs=Xilinx.spec -Wl,-T -Wl,../src/lscript.ld -LX:/cpre488/Labs/MP-0/vitus/design_1_wrapper/export/design_1_wrapper/sw/design_1_wrapper/domain_ps7_cortexa9_0/bsplib/lib -o "NES_Bootloader.elf"  ./src/xilsd/ff.o ./src/xilsd/mmc.o ./src/xilsd/xilsd.o  ./src/NESCore/M6502.o ./src/NESCore/NESCore.o ./src/NESCore/NESCore_Mapper.o ./src/NESCore/NESCore_pAPU.o  ./src/NESCore_Callback.o ./src/bmp_misc.o ./src/nes_bootloader.o ./src/utils.o ./src/wav_misc.o   -Wl,--start-group,-lxil,-lgcc,-lc,--end-group
'Finished building target: NES_Bootloader.elf'
' '
'Invoking: ARM v7 Print Size'
arm-none-eabi-size NES_Bootloader.elf  |tee "NES_Bootloader.elf.size"
   text	   data	    bss	    dec	    hex	filename
 480715	   4676	 760752	1246143	 1303bf	NES_Bootloader.elf
'Finished building: NES_Bootloader.elf.size'
' '
18:58:02 **** Incremental Build of configuration Debug for project NES_Bootloader_system ****
make all 
Generating bif file for the system project
generate_system_bif.bat 57377 X:/cpre488/Labs/MP-0/vitus/design_1_wrapper/export/design_1_wrapper/design_1_wrapper.xpfm domain_ps7_cortexa9_0 X:/cpre488/Labs/MP-0/vitus/NES_Bootloader_system/Debug/system.bif
sdcard_gen --xpfm X:/cpre488/Labs/MP-0/vitus/design_1_wrapper/export/design_1_wrapper/design_1_wrapper.xpfm --sys_config design_1_wrapper --bif X:/cpre488/Labs/MP-0/vitus/NES_Bootloader_system/Debug/system.bif --bitstream X:/cpre488/Labs/MP-0/vitus/NES_Bootloader/_ide/bitstream/design_1_wrapper.bit --elf X:/cpre488/Labs/MP-0/vitus/NES_Bootloader/Debug/NES_Bootloader.elf,ps7_cortexa9_0
creating BOOT.BIN using X:/cpre488/Labs/MP-0/vitus/NES_Bootloader/_ide/bitstream/design_1_wrapper.bit
Running C:/Xilinx/Vitis/2020.1/bin/bootgen  -image X:/cpre488/Labs/MP-0/vitus/NES_Bootloader_system/Debug/sd_card_temp/boot.bif -w -o i BOOT.BIN
