Nothing to build in platform 'MP0_wrapper'

Nothing to build in platform 'design_1_wrapper'

16:14:31 **** Incremental Build of configuration Debug for project NES_Bootloader ****
make all 
make --no-print-directory pre-build
a9-linaro-pre-build-step
' '
make --no-print-directory main-build
'Building file: ../src/NESCore_Callback.c'
'Invoking: ARM v7 gcc compiler'
arm-none-eabi-gcc -Wall -O0 -g3 -IX:/cpre488/Labs/MP-0/vitus/design_1_wrapper/export/design_1_wrapper/sw/design_1_wrapper/domain_ps7_cortexa9_0/bspinclude/include -I"X:\cpre488\Labs\MP-0\vitus\NES_Bootloader\src" -I"X:\cpre488\Labs\MP-0\vitus\NES_Bootloader\src\NESCore" -I"X:\cpre488\Labs\MP-0\vitus\NES_Bootloader\src\xilsd" -c -fmessage-length=0 -MT"src/NESCore_Callback.o" -mcpu=cortex-a9 -mfpu=vfpv3 -mfloat-abi=hard -MMD -MP -MF"src/NESCore_Callback.d" -MT"src/NESCore_Callback.o" -o "src/NESCore_Callback.o" "../src/NESCore_Callback.c"
../src/NESCore_Callback.c: In function 'NESCore_Callback_OutputFrame':
../src/NESCore_Callback.c:36:11: warning: unused variable 'swapper' [-Wunused-variable]
   36 |  uint16_t swapper = 0x0000;
      |           ^~~~~~~
../src/NESCore_Callback.c: In function 'NESCore_Callback_InputPadState':
../src/NESCore_Callback.c:131:13: warning: unused variable 'p2buf' [-Wunused-variable]
  131 |  char p1buf,p2buf = 0;
      |             ^~~~~
../src/NESCore_Callback.c:131:7: warning: unused variable 'p1buf' [-Wunused-variable]
  131 |  char p1buf,p2buf = 0;
      |       ^~~~~
'Finished building: ../src/NESCore_Callback.c'
' '
'Building target: NES_Bootloader.elf'
'Invoking: ARM v7 gcc linker'
arm-none-eabi-gcc -mcpu=cortex-a9 -mfpu=vfpv3 -mfloat-abi=hard -Wl,-build-id=none -specs=Xilinx.spec -Wl,-T -Wl,../src/lscript.ld -LX:/cpre488/Labs/MP-0/vitus/design_1_wrapper/export/design_1_wrapper/sw/design_1_wrapper/domain_ps7_cortexa9_0/bsplib/lib -o "NES_Bootloader.elf"  ./src/xilsd/ff.o ./src/xilsd/mmc.o ./src/xilsd/xilsd.o  ./src/NESCore/M6502.o ./src/NESCore/NESCore.o ./src/NESCore/NESCore_Mapper.o ./src/NESCore/NESCore_pAPU.o  ./src/NESCore_Callback.o ./src/bmp_misc.o ./src/nes_bootloader.o ./src/utils.o ./src/wav_misc.o   -Wl,--start-group,-lxil,-lgcc,-lc,--end-group
'Finished building target: NES_Bootloader.elf'
' '
'Invoking: ARM v7 Print Size'
arm-none-eabi-size NES_Bootloader.elf  |tee "NES_Bootloader.elf.size"
   text	   data	    bss	    dec	    hex	filename
 481039	   4676	5069760	5555475	 54c513	NES_Bootloader.elf
'Finished building: NES_Bootloader.elf.size'
' '
16:14:33 **** Incremental Build of configuration Debug for project NES_Bootloader_system ****
make all 
Generating bif file for the system project
generate_system_bif.bat 51974 X:/cpre488/Labs/MP-0/vitus/design_1_wrapper/export/design_1_wrapper/design_1_wrapper.xpfm domain_ps7_cortexa9_0 X:/cpre488/Labs/MP-0/vitus/NES_Bootloader_system/Debug/system.bif
sdcard_gen --xpfm X:/cpre488/Labs/MP-0/vitus/design_1_wrapper/export/design_1_wrapper/design_1_wrapper.xpfm --sys_config design_1_wrapper --bif X:/cpre488/Labs/MP-0/vitus/NES_Bootloader_system/Debug/system.bif --bitstream X:/cpre488/Labs/MP-0/vitus/NES_Bootloader/_ide/bitstream/design_1_wrapper.bit --elf X:/cpre488/Labs/MP-0/vitus/NES_Bootloader/Debug/NES_Bootloader.elf,ps7_cortexa9_0
creating BOOT.BIN using X:/cpre488/Labs/MP-0/vitus/NES_Bootloader/_ide/bitstream/design_1_wrapper.bit
Running C:/Xilinx/Vitis/2020.1/bin/bootgen  -image X:/cpre488/Labs/MP-0/vitus/NES_Bootloader_system/Debug/sd_card_temp/boot.bif -w -o i BOOT.BIN
