Nothing to build in platform 'MP0_wrapper'

18:30:29 **** Incremental Build of configuration Debug for project MP0 ****
make all 
make --no-print-directory pre-build
a9-linaro-pre-build-step
' '
make --no-print-directory main-build
'Building file: ../src/helloworld.c'
'Invoking: ARM v7 gcc compiler'
arm-none-eabi-gcc -Wall -O0 -g3 -c -fmessage-length=0 -MT"src/helloworld.o" -mcpu=cortex-a9 -mfpu=vfpv3 -mfloat-abi=hard -IX:/cpre488/Labs/MP-0/vitus/MP0_wrapper/export/MP0_wrapper/sw/MP0_wrapper/domain_ps7_cortexa9_0/bspinclude/include -MMD -MP -MF"src/helloworld.d" -MT"src/helloworld.o" -o "src/helloworld.o" "../src/helloworld.c"
../src/helloworld.c: In function 'main':
../src/helloworld.c:67:6: warning: implicit declaration of function 'usleep' [-Wimplicit-function-declaration]
   67 |      usleep(1000000);
      |      ^~~~~~
../src/helloworld.c:66:10: warning: unused variable 'status' [-Wunused-variable]
   66 |      u32 status = GpioOutputExample(XPAR_AXI_GPIO_0_DEVICE_ID,8);
      |          ^~~~~~
../src/helloworld.c:63:9: warning: unused variable 'DataRead' [-Wunused-variable]
   63 |     u32 DataRead;
      |         ^~~~~~~~
'Finished building: ../src/helloworld.c'
' '
'Building target: MP0.elf'
'Invoking: ARM v7 gcc linker'
arm-none-eabi-gcc -mcpu=cortex-a9 -mfpu=vfpv3 -mfloat-abi=hard -Wl,-build-id=none -specs=Xilinx.spec -Wl,-T -Wl,../src/lscript.ld -LX:/cpre488/Labs/MP-0/vitus/MP0_wrapper/export/MP0_wrapper/sw/MP0_wrapper/domain_ps7_cortexa9_0/bsplib/lib -o "MP0.elf"  ./src/helloworld.o ./src/platform.o ./src/xgpio_tapp_example.o   -Wl,--start-group,-lxil,-lgcc,-lc,--end-group
'Finished building target: MP0.elf'
' '
'Invoking: ARM v7 Print Size'
arm-none-eabi-size MP0.elf  |tee "MP0.elf.size"
   text	   data	    bss	    dec	    hex	filename
  21292	   1192	  22616	  45100	   b02c	MP0.elf
'Finished building: MP0.elf.size'
' '
