18:57:26 **** Incremental Build of configuration Debug for project MP0 ****
make all 
make --no-print-directory pre-build
a9-linaro-pre-build-step
' '
make --no-print-directory main-build
'Building file: ../src/helloworld.c'
'Invoking: ARM v7 gcc compiler'
arm-none-eabi-gcc -Wall -O0 -g3 -c -fmessage-length=0 -MT"src/helloworld.o" -mcpu=cortex-a9 -mfpu=vfpv3 -mfloat-abi=hard -IX:/cpre488/Labs/MP-0/vitus/MP0_wrapper/export/MP0_wrapper/sw/MP0_wrapper/domain_ps7_cortexa9_0/bspinclude/include -MMD -MP -MF"src/helloworld.d" -MT"src/helloworld.o" -o "src/helloworld.o" "../src/helloworld.c"
../src/helloworld.c: In function 'GpioWrite':
../src/helloworld.c:69:6: warning: unused variable 'LedLoop' [-Wunused-variable]
   69 |  u32 LedLoop;
      |      ^~~~~~~
../src/helloworld.c:68:6: warning: unused variable 'LedBit' [-Wunused-variable]
   68 |  u32 LedBit;
      |      ^~~~~~
In file included from X:/cpre488/Labs/MP-0/vitus/MP0_wrapper/export/MP0_wrapper/sw/MP0_wrapper/domain_ps7_cortexa9_0/bspinclude/include/xgpio.h:112,
                 from ../src/helloworld.c:55:
../src/helloworld.c: In function 'GpioRead':
X:/cpre488/Labs/MP-0/vitus/MP0_wrapper/export/MP0_wrapper/sw/MP0_wrapper/domain_ps7_cortexa9_0/bspinclude/include/xstatus.h:39:41: warning: 'return' with a value, in function returning void [-Wreturn-type]
   39 | #define XST_FAILURE                     1L
      |                                         ^~
../src/helloworld.c:99:12: note: in expansion of macro 'XST_FAILURE'
   99 |     return XST_FAILURE;
      |            ^~~~~~~~~~~
../src/helloworld.c:89:6: note: declared here
   89 | void GpioRead(u16 DeviceId, u8 *DataRead)
      |      ^~~~~~~~
'Finished building: ../src/helloworld.c'
' '
'Building target: MP0.elf'
'Invoking: ARM v7 gcc linker'
arm-none-eabi-gcc -mcpu=cortex-a9 -mfpu=vfpv3 -mfloat-abi=hard -Wl,-build-id=none -specs=Xilinx.spec -Wl,-T -Wl,../src/lscript.ld -LX:/cpre488/Labs/MP-0/vitus/MP0_wrapper/export/MP0_wrapper/sw/MP0_wrapper/domain_ps7_cortexa9_0/bsplib/lib -o "MP0.elf"  ./src/helloworld.o ./src/platform.o ./src/xgpio_tapp_example.o   -Wl,--start-group,-lxil,-lgcc,-lc,--end-group
'Finished building target: MP0.elf'
' '
'Invoking: ARM v7 Print Size'
arm-none-eabi-size MP0.elf  |tee "MP0.elf.size"
   text	   data	    bss	    dec	    hex	filename
  21232	   1192	  22616	  45040	   aff0	MP0.elf
'Finished building: MP0.elf.size'
' '

18:57:27 Build Finished (took 914ms)

