17:46:55 **** Incremental Build of configuration Debug for project MP0_Round3 ****
make all 
make --no-print-directory pre-build
a9-linaro-pre-build-step
' '
make --no-print-directory main-build
'Building file: ../src/helloworld.c'
'Invoking: ARM v7 gcc compiler'
arm-none-eabi-gcc -Wall -O0 -g3 -c -fmessage-length=0 -MT"src/helloworld.o" -mcpu=cortex-a9 -mfpu=vfpv3 -mfloat-abi=hard -IX:/cpre488/Labs/MP-0/vitus/design_1_wrapper/export/design_1_wrapper/sw/design_1_wrapper/domain_ps7_cortexa9_0/bspinclude/include -MMD -MP -MF"src/helloworld.d" -MT"src/helloworld.o" -o "src/helloworld.o" "../src/helloworld.c"
In file included from X:/cpre488/Labs/MP-0/vitus/design_1_wrapper/export/design_1_wrapper/sw/design_1_wrapper/domain_ps7_cortexa9_0/bspinclude/include/xaxivdma.h:293,
                 from ../src/helloworld.c:24:
../src/helloworld.c: In function 'main':
X:/cpre488/Labs/MP-0/vitus/design_1_wrapper/export/design_1_wrapper/sw/design_1_wrapper/domain_ps7_cortexa9_0/bspinclude/include/xaxivdma_hw.h:344:49: warning: passing argument 2 of 'Xil_Out32' makes integer from pointer without a cast [-Wint-conversion]
  344 |     XAxiVdma_Out32((BaseAddress) + (RegOffset), (Data))
      |                                                 ^~~~~~
      |                                                 |
      |                                                 u16 (*)[640] {aka short unsigned int (*)[640]}
../src/helloworld.c:75:5: note: in expansion of macro 'XAxiVdma_WriteReg'
   75 |     XAxiVdma_WriteReg(XPAR_AXI_VDMA_0_BASEADDR, XAXIVDMA_MM2S_ADDR_OFFSET + XAXIVDMA_START_ADDR_OFFSET, test_image);  // Read Channel: VDMA MM2S Frame buffer Start Addr 1
      |     ^~~~~~~~~~~~~~~~~
In file included from X:/cpre488/Labs/MP-0/vitus/design_1_wrapper/export/design_1_wrapper/sw/design_1_wrapper/domain_ps7_cortexa9_0/bspinclude/include/xvtc_hw.h:142,
                 from X:/cpre488/Labs/MP-0/vitus/design_1_wrapper/export/design_1_wrapper/sw/design_1_wrapper/domain_ps7_cortexa9_0/bspinclude/include/xvtc.h:290,
                 from ../src/helloworld.c:23:
X:/cpre488/Labs/MP-0/vitus/design_1_wrapper/export/design_1_wrapper/sw/design_1_wrapper/domain_ps7_cortexa9_0/bspinclude/include/xil_io.h:200:48: note: expected 'u32' {aka 'long unsigned int'} but argument is of type 'u16 (*)[640]' {aka 'short unsigned int (*)[640]'}
  200 | static INLINE void Xil_Out32(UINTPTR Addr, u32 Value)
      |                                            ~~~~^~~~~
'Finished building: ../src/helloworld.c'
' '
'Building target: MP0_Round3.elf'
'Invoking: ARM v7 gcc linker'
arm-none-eabi-gcc -mcpu=cortex-a9 -mfpu=vfpv3 -mfloat-abi=hard -Wl,-build-id=none -specs=Xilinx.spec -Wl,-T -Wl,../src/lscript.ld -LX:/cpre488/Labs/MP-0/vitus/design_1_wrapper/export/design_1_wrapper/sw/design_1_wrapper/domain_ps7_cortexa9_0/bsplib/lib -o "MP0_Round3.elf"  ./src/helloworld.o ./src/platform.o   -Wl,--start-group,-lxil,-lgcc,-lc,--end-group
'Finished building target: MP0_Round3.elf'
' '
'Invoking: ARM v7 Print Size'
arm-none-eabi-size MP0_Round3.elf  |tee "MP0_Round3.elf.size"
   text	   data	    bss	    dec	    hex	filename
  34376	   1152	 636984	 672512	  a4300	MP0_Round3.elf
'Finished building: MP0_Round3.elf.size'
' '

17:46:56 Build Finished (took 969ms)

